Component: ARM Compiler 5.06 update 7 (build 960) Tool: armlink [4d3601]

==============================================================================

Section Cross References

    main.o(i.HAL_TIM_PeriodElapsedCallback) refers to stm32h7xx_hal.o(i.HAL_IncTick) for HAL_IncTick
    main.o(i.HAL_TIM_PeriodElapsedCallback) refers to bsp_tim24.o(i.tim24_timebase_on_overflow) for tim24_timebase_on_overflow
    main.o(i.PeriphCommonClock_Config) refers to memseta.o(.text) for __aeabi_memclr4
    main.o(i.PeriphCommonClock_Config) refers to stm32h7xx_hal_rcc_ex.o(i.HAL_RCCEx_PeriphCLKConfig) for HAL_RCCEx_PeriphCLKConfig
    main.o(i.PeriphCommonClock_Config) refers to main.o(i.Error_Handler) for Error_Handler
    main.o(i.SystemClock_Config) refers to memseta.o(.text) for __aeabi_memclr4
    main.o(i.SystemClock_Config) refers to stm32h7xx_hal_pwr_ex.o(i.HAL_PWREx_ConfigSupply) for HAL_PWREx_ConfigSupply
    main.o(i.SystemClock_Config) refers to stm32h7xx_hal_rcc.o(i.HAL_RCC_OscConfig) for HAL_RCC_OscConfig
    main.o(i.SystemClock_Config) refers to main.o(i.Error_Handler) for Error_Handler
    main.o(i.SystemClock_Config) refers to stm32h7xx_hal_rcc.o(i.HAL_RCC_ClockConfig) for HAL_RCC_ClockConfig
    main.o(i.fputc) refers to stm32h7xx_hal_uart.o(i.HAL_UART_Transmit_IT) for HAL_UART_Transmit_IT
    main.o(i.fputc) refers to usart.o(.bss) for huart10
    main.o(i.main) refers to stm32h7xx_hal.o(i.HAL_Init) for HAL_Init
    main.o(i.main) refers to main.o(i.SystemClock_Config) for SystemClock_Config
    main.o(i.main) refers to main.o(i.PeriphCommonClock_Config) for PeriphCommonClock_Config
    main.o(i.main) refers to gpio.o(i.MX_GPIO_Init) for MX_GPIO_Init
    main.o(i.main) refers to dma.o(i.MX_DMA_Init) for MX_DMA_Init
    main.o(i.main) refers to spi.o(i.MX_SPI2_Init) for MX_SPI2_Init
    main.o(i.main) refers to fdcan.o(i.MX_FDCAN1_Init) for MX_FDCAN1_Init
    main.o(i.main) refers to fdcan.o(i.MX_FDCAN2_Init) for MX_FDCAN2_Init
    main.o(i.main) refers to tim.o(i.MX_TIM3_Init) for MX_TIM3_Init
    main.o(i.main) refers to fdcan.o(i.MX_FDCAN3_Init) for MX_FDCAN3_Init
    main.o(i.main) refers to usart.o(i.MX_USART1_UART_Init) for MX_USART1_UART_Init
    main.o(i.main) refers to usart.o(i.MX_UART5_Init) for MX_UART5_Init
    main.o(i.main) refers to usart.o(i.MX_USART10_UART_Init) for MX_USART10_UART_Init
    main.o(i.main) refers to crc.o(i.MX_CRC_Init) for MX_CRC_Init
    main.o(i.main) refers to rng.o(i.MX_RNG_Init) for MX_RNG_Init
    main.o(i.main) refers to adc.o(i.MX_ADC1_Init) for MX_ADC1_Init
    main.o(i.main) refers to usart.o(i.MX_UART7_Init) for MX_UART7_Init
    main.o(i.main) refers to tim.o(i.MX_TIM1_Init) for MX_TIM1_Init
    main.o(i.main) refers to tim.o(i.MX_TIM2_Init) for MX_TIM2_Init
    main.o(i.main) refers to tim.o(i.MX_TIM12_Init) for MX_TIM12_Init
    main.o(i.main) refers to adc.o(i.MX_ADC3_Init) for MX_ADC3_Init
    main.o(i.main) refers to octospi.o(i.MX_OCTOSPI2_Init) for MX_OCTOSPI2_Init
    main.o(i.main) refers to tim.o(i.MX_TIM24_Init) for MX_TIM24_Init
    main.o(i.main) refers to bsp_tim24.o(i.tim24_timebase_init) for tim24_timebase_init
    main.o(i.main) refers to bsp_dwt.o(i.DWT_Init) for DWT_Init
    main.o(i.main) refers to calibrate_task.o(i.cali_param_init) for cali_param_init
    main.o(i.main) refers to bmi088driver.o(i.BMI088_init) for BMI088_init
    main.o(i.main) refers to stm32h7xx_hal_gpio.o(i.HAL_GPIO_WritePin) for HAL_GPIO_WritePin
    main.o(i.main) refers to can_bsp.o(i.FDCAN1_Config) for FDCAN1_Config
    main.o(i.main) refers to can_bsp.o(i.FDCAN2_Config) for FDCAN2_Config
    main.o(i.main) refers to stm32h7xx_hal_uart.o(i.HAL_UART_Receive_IT) for HAL_UART_Receive_IT
    main.o(i.main) refers to stm32h7xx_hal_uart_ex.o(i.HAL_UARTEx_ReceiveToIdle_DMA) for HAL_UARTEx_ReceiveToIdle_DMA
    main.o(i.main) refers to stm32h7xx_hal_adc_ex.o(i.HAL_ADCEx_Calibration_Start) for HAL_ADCEx_Calibration_Start
    main.o(i.main) refers to stm32h7xx_hal_adc.o(i.HAL_ADC_Start_DMA) for HAL_ADC_Start_DMA
    main.o(i.main) refers to stm32h7xx_hal_adc.o(i.HAL_ADC_Start) for HAL_ADC_Start
    main.o(i.main) refers to fifo.o(i.fifo_s_init) for fifo_s_init
    main.o(i.main) refers to main.o(i.proto_init_from_main) for proto_init_from_main
    main.o(i.main) refers to freertos.o(i.MX_FREERTOS_Init) for MX_FREERTOS_Init
    main.o(i.main) refers to cmsis_os.o(i.osKernelStart) for osKernelStart
    main.o(i.main) refers to spi.o(.bss) for hspi2
    main.o(i.main) refers to bsp_usart.o(.bss) for usart7_buf
    main.o(i.main) refers to usart.o(.bss) for huart7
    main.o(i.main) refers to adc.o(.bss) for hadc3
    main.o(i.main) refers to main.o(.data) for adc_val
    main.o(i.proto_init_from_main) refers to usb_cdc_port.o(i.usb_cdc_port_get_ops) for usb_cdc_port_get_ops
    main.o(i.proto_init_from_main) refers to uproto.o(i.uproto_init) for uproto_init
    main.o(i.proto_init_from_main) refers to main.o(.constdata) for .constdata
[...]
    0x08006640   0x08006640   0x00000002   Code   RO        10315    i.HAL_FDCAN_TT_GlobalTimeCallback  stm32h7xx_hal_fdcan.o
    0x08006642   0x08006642   0x00000002   Code   RO        10316    i.HAL_FDCAN_TT_ScheduleSyncCallback  stm32h7xx_hal_fdcan.o
    0x08006644   0x08006644   0x00000002   Code   RO        10321    i.HAL_FDCAN_TT_StopWatchCallback  stm32h7xx_hal_fdcan.o
    0x08006646   0x08006646   0x00000002   Code   RO        10322    i.HAL_FDCAN_TT_TimeMarkCallback  stm32h7xx_hal_fdcan.o
    0x08006648   0x08006648   0x00000002   Code   RO        10323    i.HAL_FDCAN_TimeoutOccurredCallback  stm32h7xx_hal_fdcan.o
    0x0800664a   0x0800664a   0x00000002   Code   RO        10324    i.HAL_FDCAN_TimestampWraparoundCallback  stm32h7xx_hal_fdcan.o
    0x0800664c   0x0800664c   0x00000002   Code   RO        10325    i.HAL_FDCAN_TxBufferAbortCallback  stm32h7xx_hal_fdcan.o
    0x0800664e   0x0800664e   0x00000002   Code   RO        10326    i.HAL_FDCAN_TxBufferCompleteCallback  stm32h7xx_hal_fdcan.o
    0x08006650   0x08006650   0x00000002   Code   RO        10327    i.HAL_FDCAN_TxEventFifoCallback  stm32h7xx_hal_fdcan.o
    0x08006652   0x08006652   0x00000002   Code   RO        10328    i.HAL_FDCAN_TxFifoEmptyCallback  stm32h7xx_hal_fdcan.o
    0x08006654   0x08006654   0x0000000e   Code   RO         1081    i.HAL_GPIO_EXTI_Callback  stm32h7xx_it.o
    0x08006662   0x08006662   0x00000002   PAD
    0x08006664   0x08006664   0x0000001c   Code   RO         7642    i.HAL_GPIO_EXTI_IRQHandler  stm32h7xx_hal_gpio.o
    0x08006680   0x08006680   0x000001f0   Code   RO         7643    i.HAL_GPIO_Init     stm32h7xx_hal_gpio.o
    0x08006870   0x08006870   0x0000000c   Code   RO         7647    i.HAL_GPIO_WritePin  stm32h7xx_hal_gpio.o
    0x0800687c   0x0800687c   0x0000000c   Code   RO         8654    i.HAL_GetTick       stm32h7xx_hal.o
    0x08006888   0x08006888   0x00000018   Code   RO         8660    i.HAL_IncTick       stm32h7xx_hal.o
    0x080068a0   0x080068a0   0x00000060   Code   RO         8661    i.HAL_Init          stm32h7xx_hal.o
    0x08006900   0x08006900   0x000000a0   Code   RO         1270    i.HAL_InitTick      stm32h7xx_hal_timebase_tim.o
    0x080069a0   0x080069a0   0x00000030   Code   RO         1246    i.HAL_MspInit       stm32h7xx_hal_msp.o
    0x080069d0   0x080069d0   0x00000028   Code   RO         8491    i.HAL_NVIC_EnableIRQ  stm32h7xx_hal_cortex.o
    0x080069f8   0x080069f8   0x0000007a   Code   RO         8497    i.HAL_NVIC_SetPriority  stm32h7xx_hal_cortex.o
    0x08006a72   0x08006a72   0x00000002   PAD
    0x08006a74   0x08006a74   0x00000028   Code   RO         8498    i.HAL_NVIC_SetPriorityGrouping  stm32h7xx_hal_cortex.o
    0x08006a9c   0x08006a9c   0x00000044   Code   RO         8499    i.HAL_NVIC_SystemReset  stm32h7xx_hal_cortex.o
    0x08006ae0   0x08006ae0   0x000006f8   Code   RO        10847    i.HAL_OSPIM_Config  stm32h7xx_hal_ospi.o
    0x080071d8   0x080071d8   0x000000c2   Code   RO        10851    i.HAL_OSPI_AutoPolling  stm32h7xx_hal_ospi.o
    0x0800729a   0x0800729a   0x000000ea   Code   RO        10854    i.HAL_OSPI_Command  stm32h7xx_hal_ospi.o
    0x08007384   0x08007384   0x00000110   Code   RO        10865    i.HAL_OSPI_Init     stm32h7xx_hal_ospi.o
    0x08007494   0x08007494   0x000001a4   Code   RO          799    i.HAL_OSPI_MspInit  octospi.o
    0x08007638   0x08007638   0x000000d6   Code   RO        10869    i.HAL_OSPI_Receive  stm32h7xx_hal_ospi.o
    0x0800770e   0x0800770e   0x00000008   Code   RO        10875    i.HAL_OSPI_SetTimeout  stm32h7xx_hal_ospi.o
    0x08007716   0x08007716   0x0000009c   Code   RO        10878    i.HAL_OSPI_Transmit  stm32h7xx_hal_ospi.o
    0x080077b2   0x080077b2   0x00000002   PAD
    0x080077b4   0x080077b4   0x00000028   Code   RO         6688    i.HAL_PCDEx_ActivateLPM  stm32h7xx_hal_pcd_ex.o
    0x080077dc   0x080077dc   0x00000002   Code   RO         6693    i.HAL_PCDEx_LPM_Callback  stm32h7xx_hal_pcd_ex.o
    0x080077de   0x080077de   0x0000000a   Code   RO         6694    i.HAL_PCDEx_SetRxFiFo  stm32h7xx_hal_pcd_ex.o
    0x080077e8   0x080077e8   0x0000004e   Code   RO         6695    i.HAL_PCDEx_SetTxFiFo  stm32h7xx_hal_pcd_ex.o
    0x08007836   0x08007836   0x0000000e   Code   RO        14929    i.HAL_PCD_ConnectCallback  usbd_conf.o
    0x08007844   0x08007844   0x00000020   Code   RO        14930    i.HAL_PCD_DataInStageCallback  usbd_conf.o
    0x08007864   0x08007864   0x00000020   Code   RO        14931    i.HAL_PCD_DataOutStageCallback  usbd_conf.o
    0x08007884   0x08007884   0x0000000e   Code   RO        14932    i.HAL_PCD_DisconnectCallback  usbd_conf.o
    0x08007892   0x08007892   0x00000042   Code   RO         6459    i.HAL_PCD_EP_Abort  stm32h7xx_hal_pcd.o
    0x080078d4   0x080078d4   0x0000006a   Code   RO         6460    i.HAL_PCD_EP_Close  stm32h7xx_hal_pcd.o
    0x0800793e   0x0800793e   0x0000007c   Code   RO         6461    i.HAL_PCD_EP_ClrStall  stm32h7xx_hal_pcd.o
    0x080079ba   0x080079ba   0x00000016   Code   RO         6463    i.HAL_PCD_EP_GetRxCount  stm32h7xx_hal_pcd.o
    0x080079d0   0x080079d0   0x0000008c   Code   RO         6464    i.HAL_PCD_EP_Open   stm32h7xx_hal_pcd.o
    0x08007a5c   0x08007a5c   0x00000046   Code   RO         6465    i.HAL_PCD_EP_Receive  stm32h7xx_hal_pcd.o
    0x08007aa2   0x08007aa2   0x0000008a   Code   RO         6466    i.HAL_PCD_EP_SetStall  stm32h7xx_hal_pcd.o
    0x08007b2c   0x08007b2c   0x00000048   Code   RO         6467    i.HAL_PCD_EP_Transmit  stm32h7xx_hal_pcd.o
    0x08007b74   0x08007b74   0x0000070e   Code   RO         6469    i.HAL_PCD_IRQHandler  stm32h7xx_hal_pcd.o
    0x08008282   0x08008282   0x00000012   Code   RO        14933    i.HAL_PCD_ISOINIncompleteCallback  usbd_conf.o
    0x08008294   0x08008294   0x00000012   Code   RO        14934    i.HAL_PCD_ISOOUTIncompleteCallback  usbd_conf.o
    0x080082a6   0x080082a6   0x00000172   Code   RO         6472    i.HAL_PCD_Init      stm32h7xx_hal_pcd.o
    0x08008418   0x08008418   0x00000070   Code   RO        14936    i.HAL_PCD_MspInit   usbd_conf.o
    0x08008488   0x08008488   0x00000030   Code   RO        14937    i.HAL_PCD_ResetCallback  usbd_conf.o
    0x080084b8   0x080084b8   0x0000000e   Code   RO        14938    i.HAL_PCD_ResumeCallback  usbd_conf.o
    0x080084c6   0x080084c6   0x0000000e   Code   RO        14939    i.HAL_PCD_SOFCallback  usbd_conf.o
    0x080084d4   0x080084d4   0x00000036   Code   RO         6478    i.HAL_PCD_SetAddress  stm32h7xx_hal_pcd.o
    0x0800850a   0x0800850a   0x00000012   Code   RO        14940    i.HAL_PCD_SetupStageCallback  usbd_conf.o
    0x0800851c   0x0800851c   0x0000004c   Code   RO         6481    i.HAL_PCD_Start     stm32h7xx_hal_pcd.o
    0x08008568   0x08008568   0x00000034   Code   RO        14941    i.HAL_PCD_SuspendCallback  usbd_conf.o
    0x0800859c   0x0800859c   0x00000060   Code   RO         8244    i.HAL_PWREx_ConfigSupply  stm32h7xx_hal_pwr_ex.o
    0x080085fc   0x080085fc   0x00000014   Code   RO         8261    i.HAL_PWREx_EnableUSBVoltageDetector  stm32h7xx_hal_pwr_ex.o
    0x08008610   0x08008610   0x00000024   Code   RO         7186    i.HAL_RCCEx_GetD3PCLK1Freq  stm32h7xx_hal_rcc_ex.o
    0x08008634   0x08008634   0x00000230   Code   RO         7187    i.HAL_RCCEx_GetPLL1ClockFreq  stm32h7xx_hal_rcc_ex.o
    0x08008864   0x08008864   0x00000230   Code   RO         7188    i.HAL_RCCEx_GetPLL2ClockFreq  stm32h7xx_hal_rcc_ex.o
    0x08008a94   0x08008a94   0x00000230   Code   RO         7189    i.HAL_RCCEx_GetPLL3ClockFreq  stm32h7xx_hal_rcc_ex.o
    0x08008cc4   0x08008cc4   0x000007ac   Code   RO         7191    i.HAL_RCCEx_GetPeriphCLKFreq  stm32h7xx_hal_rcc_ex.o
    0x08009470   0x08009470   0x00000cc8   Code   RO         7195    i.HAL_RCCEx_PeriphCLKConfig  stm32h7xx_hal_rcc_ex.o
    0x0800a138   0x0800a138   0x00000320   Code   RO         7071    i.HAL_RCC_ClockConfig  stm32h7xx_hal_rcc.o
    0x0800a458   0x0800a458   0x0000006c   Code   RO         7075    i.HAL_RCC_GetClockConfig  stm32h7xx_hal_rcc.o
    0x0800a4c4   0x0800a4c4   0x0000004c   Code   RO         7076    i.HAL_RCC_GetHCLKFreq  stm32h7xx_hal_rcc.o
    0x0800a510   0x0800a510   0x00000024   Code   RO         7078    i.HAL_RCC_GetPCLK1Freq  stm32h7xx_hal_rcc.o
    0x0800a534   0x0800a534   0x00000024   Code   RO         7079    i.HAL_RCC_GetPCLK2Freq  stm32h7xx_hal_rcc.o
    0x0800a558   0x0800a558   0x0000022c   Code   RO         7080    i.HAL_RCC_GetSysClockFreq  stm32h7xx_hal_rcc.o
    0x0800a784   0x0800a784   0x0000075c   Code   RO         7083    i.HAL_RCC_OscConfig  stm32h7xx_hal_rcc.o
    0x0800aee0   0x0800aee0   0x000000f8   Code   RO        11118    i.HAL_RNG_Init      stm32h7xx_hal_rng.o
    0x0800afd8   0x0800afd8   0x00000058   Code   RO          841    i.HAL_RNG_MspInit   rng.o
    0x0800b030   0x0800b030   0x00000002   Code   RO        11256    i.HAL_SPI_ErrorCallback  stm32h7xx_hal_spi.o
    0x0800b032   0x0800b032   0x00000002   PAD
    0x0800b034   0x0800b034   0x00000294   Code   RO        11259    i.HAL_SPI_IRQHandler  stm32h7xx_hal_spi.o
    0x0800b2c8   0x0800b2c8   0x000001b0   Code   RO        11260    i.HAL_SPI_Init      stm32h7xx_hal_spi.o
    0x0800b478   0x0800b478   0x00000178   Code   RO          883    i.HAL_SPI_MspInit   spi.o
    0x0800b5f0   0x0800b5f0   0x00000002   Code   RO        11266    i.HAL_SPI_RxCpltCallback  stm32h7xx_hal_spi.o
    0x0800b5f2   0x0800b5f2   0x00000002   Code   RO        11268    i.HAL_SPI_SuspendCallback  stm32h7xx_hal_spi.o
    0x0800b5f4   0x0800b5f4   0x00000302   Code   RO        11270    i.HAL_SPI_TransmitReceive  stm32h7xx_hal_spi.o
    0x0800b8f6   0x0800b8f6   0x00000002   Code   RO        11275    i.HAL_SPI_TxCpltCallback  stm32h7xx_hal_spi.o
    0x0800b8f8   0x0800b8f8   0x00000002   Code   RO        11277    i.HAL_SPI_TxRxCpltCallback  stm32h7xx_hal_spi.o
    0x0800b8fa   0x0800b8fa   0x00000002   Code   RO        12310    i.HAL_TIMEx_Break2Callback  stm32h7xx_hal_tim_ex.o
    0x0800b8fc   0x0800b8fc   0x00000002   Code   RO        12311    i.HAL_TIMEx_BreakCallback  stm32h7xx_hal_tim_ex.o
    0x0800b8fe   0x0800b8fe   0x00000002   Code   RO        12312    i.HAL_TIMEx_CommutCallback  stm32h7xx_hal_tim_ex.o
    0x0800b900   0x0800b900   0x000000e8   Code   RO        12314    i.HAL_TIMEx_ConfigBreakDeadTime  stm32h7xx_hal_tim_ex.o
    0x0800b9e8   0x0800b9e8   0x000000e4   Code   RO        12333    i.HAL_TIMEx_MasterConfigSynchronization  stm32h7xx_hal_tim_ex.o
    0x0800bacc   0x0800bacc   0x0000006e   Code   RO        11585    i.HAL_TIM_Base_Init  stm32h7xx_hal_tim.o
    0x0800bb3a   0x0800bb3a   0x00000002   PAD
    0x0800bb3c   0x0800bb3c   0x00000098   Code   RO          925    i.HAL_TIM_Base_MspInit  tim.o
    0x0800bbd4   0x0800bbd4   0x000000cc   Code   RO        11590    i.HAL_TIM_Base_Start_IT  stm32h7xx_hal_tim.o
    0x0800bca0   0x0800bca0   0x00000134   Code   RO        11594    i.HAL_TIM_ConfigClockSource  stm32h7xx_hal_tim.o
    0x0800bdd4   0x0800bdd4   0x00000002   Code   RO        11619    i.HAL_TIM_IC_CaptureCallback  stm32h7xx_hal_tim.o
    0x0800bdd6   0x0800bdd6   0x000001b8   Code   RO        11633    i.HAL_TIM_IRQHandler  stm32h7xx_hal_tim.o
    0x0800bf8e   0x0800bf8e   0x00000002   PAD
    0x0800bf90   0x0800bf90   0x0000012c   Code   RO          926    i.HAL_TIM_MspPostInit  tim.o
    0x0800c0bc   0x0800c0bc   0x00000002   Code   RO        11636    i.HAL_TIM_OC_DelayElapsedCallback  stm32h7xx_hal_tim.o
    0x0800c0be   0x0800c0be   0x00000170   Code   RO        11657    i.HAL_TIM_PWM_ConfigChannel  stm32h7xx_hal_tim.o
    0x0800c22e   0x0800c22e   0x0000006e   Code   RO        11660    i.HAL_TIM_PWM_Init  stm32h7xx_hal_tim.o
    0x0800c29c   0x0800c29c   0x00000058   Code   RO          928    i.HAL_TIM_PWM_MspInit  tim.o
    0x0800c2f4   0x0800c2f4   0x00000002   Code   RO        11663    i.HAL_TIM_PWM_PulseFinishedCallback  stm32h7xx_hal_tim.o
    0x0800c2f6   0x0800c2f6   0x00000002   PAD
    0x0800c2f8   0x0800c2f8   0x0000017c   Code   RO        11665    i.HAL_TIM_PWM_Start  stm32h7xx_hal_tim.o
    0x0800c474   0x0800c474   0x00000028   Code   RO            5    i.HAL_TIM_PeriodElapsedCallback  main.o
    0x0800c49c   0x0800c49c   0x00000002   Code   RO        11676    i.HAL_TIM_TriggerCallback  stm32h7xx_hal_tim.o
    0x0800c49e   0x0800c49e   0x0000004e   Code   RO        13038    i.HAL_UARTEx_DisableFifoMode  stm32h7xx_hal_uart_ex.o
    0x0800c4ec   0x0800c4ec   0x00000062   Code   RO        13044    i.HAL_UARTEx_ReceiveToIdle_DMA  stm32h7xx_hal_uart_ex.o
    0x0800c54e   0x0800c54e   0x00000002   PAD
    0x0800c550   0x0800c550   0x0000005c   Code   RO         4974    i.HAL_UARTEx_RxEventCallback  bsp_usart.o
    0x0800c5ac   0x0800c5ac   0x00000002   Code   RO        13046    i.HAL_UARTEx_RxFifoFullCallback  stm32h7xx_hal_uart_ex.o
    0x0800c5ae   0x0800c5ae   0x0000005e   Code   RO        13047    i.HAL_UARTEx_SetRxFifoThreshold  stm32h7xx_hal_uart_ex.o
    0x0800c60c   0x0800c60c   0x0000005e   Code   RO        13048    i.HAL_UARTEx_SetTxFifoThreshold  stm32h7xx_hal_uart_ex.o
    0x0800c66a   0x0800c66a   0x00000002   Code   RO        13050    i.HAL_UARTEx_TxFifoEmptyCallback  stm32h7xx_hal_uart_ex.o
    0x0800c66c   0x0800c66c   0x00000002   Code   RO        13051    i.HAL_UARTEx_WakeupCallback  stm32h7xx_hal_uart_ex.o
    0x0800c66e   0x0800c66e   0x00000002   PAD
    0x0800c670   0x0800c670   0x000000e0   Code   RO        12625    i.HAL_UART_AbortReceive  stm32h7xx_hal_uart.o
    0x0800c750   0x0800c750   0x00000068   Code   RO         4975    i.HAL_UART_ErrorCallback  bsp_usart.o
    0x0800c7b8   0x0800c7b8   0x00000494   Code   RO        12641    i.HAL_UART_IRQHandler  stm32h7xx_hal_uart.o
    0x0800cc4c   0x0800cc4c   0x00000078   Code   RO        12642    i.HAL_UART_Init     stm32h7xx_hal_uart.o
    0x0800ccc4   0x0800ccc4   0x00000388   Code   RO         1009    i.HAL_UART_MspInit  usart.o
    0x0800d04c   0x0800d04c   0x0000005c   Code   RO        12647    i.HAL_UART_Receive_IT  stm32h7xx_hal_uart.o
    0x0800d0a8   0x0800d0a8   0x00000038   Code   RO         4976    i.HAL_UART_RxCpltCallback  bsp_usart.o
    0x0800d0e0   0x0800d0e0   0x00000002   Code   RO        12650    i.HAL_UART_RxHalfCpltCallback  stm32h7xx_hal_uart.o
    0x0800d0e2   0x0800d0e2   0x00000002   PAD
    0x0800d0e4   0x0800d0e4   0x000000a0   Code   RO        12652    i.HAL_UART_Transmit_DMA  stm32h7xx_hal_uart.o
    0x0800d184   0x0800d184   0x000000ac   Code   RO        12653    i.HAL_UART_Transmit_IT  stm32h7xx_hal_uart.o
    0x0800d230   0x0800d230   0x00000002   Code   RO         4977    i.HAL_UART_TxCpltCallback  bsp_usart.o
    0x0800d232   0x0800d232   0x00000002   Code   RO        12655    i.HAL_UART_TxHalfCpltCallback  stm32h7xx_hal_uart.o
    0x0800d234   0x0800d234   0x00000008   Code   RO         1082    i.HardFault_Handler  stm32h7xx_it.o
    0x0800d23c   0x0800d23c   0x000000f0   Code   RO         1311    i.IMU_TempCtrl      ins_task.o
    0x0800d32c   0x0800d32c   0x00000034   Code   RO         1312    i.INS_Init          ins_task.o
    0x0800d360   0x0800d360   0x000003cc   Code   RO         1315    i.INS_task          ins_task.o
    0x0800d72c   0x0800d72c   0x0000003e   Code   RO        14760    i.IntToUnicode      usbd_desc.o
    0x0800d76a   0x0800d76a   0x00000002   PAD
    0x0800d76c   0x0800d76c   0x00000010   Code   RO         9607    i.LL_ADC_Enable     stm32h7xx_hal_adc.o
    0x0800d77c   0x0800d77c   0x0000000a   Code   RO         9609    i.LL_ADC_GetMultimode  stm32h7xx_hal_adc.o
    0x0800d786   0x0800d786   0x00000012   Code   RO         9610    i.LL_ADC_GetOffsetChannel  stm32h7xx_hal_adc.o
    0x0800d798   0x0800d798   0x0000000a   Code   RO         9611    i.LL_ADC_INJ_IsConversionOngoing  stm32h7xx_hal_adc.o
    0x0800d7a2   0x0800d7a2   0x0000000a   Code   RO         9612    i.LL_ADC_IsDisableOngoing  stm32h7xx_hal_adc.o
    0x0800d7ac   0x0800d7ac   0x0000000a   Code   RO         9613    i.LL_ADC_IsEnabled  stm32h7xx_hal_adc.o
    0x0800d7b6   0x0800d7b6   0x0000000a   Code   RO         9887    i.LL_ADC_IsEnabled  stm32h7xx_hal_adc_ex.o
    0x0800d7c0   0x0800d7c0   0x0000000a   Code   RO         9614    i.LL_ADC_IsInternalRegulatorEnabled  stm32h7xx_hal_adc.o
    0x0800d7ca   0x0800d7ca   0x0000000a   Code   RO         9615    i.LL_ADC_REG_IsConversionOngoing  stm32h7xx_hal_adc.o
    0x0800d7d4   0x0800d7d4   0x0000000a   Code   RO         9888    i.LL_ADC_REG_IsConversionOngoing  stm32h7xx_hal_adc_ex.o
    0x0800d7de   0x0800d7de   0x00000012   Code   RO         9616    i.LL_ADC_REG_IsTriggerSourceSWStart  stm32h7xx_hal_adc.o
    0x0800d7f0   0x0800d7f0   0x00000010   Code   RO         9617    i.LL_ADC_REG_StartConversion  stm32h7xx_hal_adc.o
    0x0800d800   0x0800d800   0x00000028   Code   RO         9619    i.LL_ADC_SetChannelSamplingTime  stm32h7xx_hal_adc.o
    0x0800d828   0x0800d828   0x0000000c   Code   RO         9620    i.LL_ADC_SetCommonPathInternalCh  stm32h7xx_hal_adc.o
    0x0800d834   0x0800d834   0x00000030   Code   RO         9621    i.LL_ADC_SetOffsetState  stm32h7xx_hal_adc.o
    0x0800d864   0x0800d864   0x000000ec   Code   RO         4731    i.MITFdbData        can_bsp.o
    0x0800d950   0x0800d950   0x000000a8   Code   RO          625    i.MX_ADC1_Init      adc.o
    0x0800d9f8   0x0800d9f8   0x00000090   Code   RO          626    i.MX_ADC3_Init      adc.o
    0x0800da88   0x0800da88   0x00000034   Code   RO          679    i.MX_CRC_Init       crc.o
    0x0800dabc   0x0800dabc   0x00000084   Code   RO          719    i.MX_DMA_Init       dma.o
    0x0800db40   0x0800db40   0x00000084   Code   RO          745    i.MX_FDCAN1_Init    fdcan.o
    0x0800dbc4   0x0800dbc4   0x00000084   Code   RO          746    i.MX_FDCAN2_Init    fdcan.o
    0x0800dc48   0x0800dc48   0x00000080   Code   RO          747    i.MX_FDCAN3_Init    fdcan.o
    0x0800dcc8   0x0800dcc8   0x000000d0   Code   RO          477    i.MX_FREERTOS_Init  freertos.o
    0x0800dd98   0x0800dd98   0x000001a8   Code   RO          449    i.MX_GPIO_Init      gpio.o
    0x0800df40   0x0800df40   0x00000080   Code   RO          800    i.MX_OCTOSPI2_Init  octospi.o
    0x0800dfc0   0x0800dfc0   0x00000024   Code   RO          842    i.MX_RNG_Init       rng.o
    0x0800dfe4   0x0800dfe4   0x00000064   Code   RO          884    i.MX_SPI2_Init      spi.o
    0x0800e048   0x0800e048   0x0000007c   Code   RO          929    i.MX_TIM12_Init     tim.o
    0x0800e0c4   0x0800e0c4   0x000000e8   Code   RO          930    i.MX_TIM1_Init      tim.o
    0x0800e1ac   0x0800e1ac   0x00000070   Code   RO          931    i.MX_TIM24_Init     tim.o
    0x0800e21c   0x0800e21c   0x000000a8   Code   RO          932    i.MX_TIM2_Init      tim.o
    0x0800e2c4   0x0800e2c4   0x00000080   Code   RO          933    i.MX_TIM3_Init      tim.o
    0x0800e344   0x0800e344   0x00000074   Code   RO         1010    i.MX_UART5_Init     usart.o
    0x0800e3b8   0x0800e3b8   0x0000006c   Code   RO         1011    i.MX_UART7_Init     usart.o
    0x0800e424   0x0800e424   0x0000006c   Code   RO         1012    i.MX_USART10_UART_Init  usart.o
    0x0800e490   0x0800e490   0x0000006c   Code   RO         1013    i.MX_USART1_UART_Init  usart.o
    0x0800e4fc   0x0800e4fc   0x00000050   Code   RO        14721    i.MX_USB_DEVICE_Init  usb_device.o
    0x0800e54c   0x0800e54c   0x00000004   Code   RO         1083    i.MemManage_Handler  stm32h7xx_it.o
    0x0800e550   0x0800e550   0x00000018   Code   RO         4732    i.Motor_clear_err   can_bsp.o
    0x0800e568   0x0800e568   0x00000018   Code   RO         4734    i.Motor_enable      can_bsp.o
    0x0800e580   0x0800e580   0x00000004   Code   RO         1084    i.NMI_Handler       stm32h7xx_it.o
    0x0800e584   0x0800e584   0x000000e8   Code   RO        10883    i.OSPIM_GetConfig   stm32h7xx_hal_ospi.o
    0x0800e66c   0x0800e66c   0x000002a0   Code   RO        10884    i.OSPI_ConfigCmd    stm32h7xx_hal_ospi.o
    0x0800e90c   0x0800e90c   0x00000084   Code   RO         5281    i.OSPI_W25Qxx_AutoPollingMemReady  w25q64.o
    0x0800e990   0x0800e990   0x00000088   Code   RO         5287    i.OSPI_W25Qxx_ReadBuffer  w25q64.o
    0x0800ea18   0x0800ea18   0x0000006c   Code   RO         5289    i.OSPI_W25Qxx_SectorErase  w25q64.o
    0x0800ea84   0x0800ea84   0x00000052   Code   RO         5290    i.OSPI_W25Qxx_WriteBuffer  w25q64.o
    0x0800ead6   0x0800ead6   0x00000002   PAD
    0x0800ead8   0x0800ead8   0x000000b8   Code   RO         5291    i.OSPI_W25Qxx_WriteEnable  w25q64.o
    0x0800eb90   0x0800eb90   0x00000090   Code   RO         5292    i.OSPI_W25Qxx_WritePage  w25q64.o
    0x0800ec20   0x0800ec20   0x0000004c   Code   RO        10888    i.OSPI_WaitFlagStateUntilTimeout  stm32h7xx_hal_ospi.o
    0x0800ec6c   0x0800ec6c   0x00000010   Code   RO         1085    i.OTG_HS_IRQHandler  stm32h7xx_it.o
    0x0800ec7c   0x0800ec7c   0x00000064   Code   RO         6484    i.PCD_EP_OutSetupPacket_int  stm32h7xx_hal_pcd.o
    0x0800ece0   0x0800ece0   0x00000144   Code   RO         6485    i.PCD_EP_OutXfrComplete_int  stm32h7xx_hal_pcd.o
    0x0800ee24   0x0800ee24   0x000000b6   Code   RO         6486    i.PCD_WriteEmptyTxFifo  stm32h7xx_hal_pcd.o
    0x0800eeda   0x0800eeda   0x00000002   PAD
    0x0800eedc   0x0800eedc   0x00000220   Code   RO         6340    i.PID_Calc          pid.o
    0x0800f0fc   0x0800f0fc   0x0000048c   Code   RO         3169    i.PID_Calc_Jump_Restrain  steering_chassis.o
    0x0800f588   0x0800f588   0x0000004c   Code   RO         6341    i.PID_clear         pid.o
    0x0800f5d4   0x0800f5d4   0x00000060   Code   RO         6342    i.PID_init          pid.o
    0x0800f634   0x0800f634   0x0000004c   Code   RO            6    i.PeriphCommonClock_Config  main.o
    0x0800f680   0x0800f680   0x00000264   Code   RO         1988    i.Predict_Power     chassis_power_control.o
    0x0800f8e4   0x0800f8e4   0x00000164   Code   RO         7198    i.RCCEx_PLL2_Config  stm32h7xx_hal_rcc_ex.o
    0x0800fa48   0x0800fa48   0x00000164   Code   RO         7199    i.RCCEx_PLL3_Config  stm32h7xx_hal_rcc_ex.o
    0x0800fbac   0x0800fbac   0x00000228   Code   RO         2535    i.RC_cmd_to_calibrate  calibrate_task.o
    0x0800fdd4   0x0800fdd4   0x0000012e   Code   RO         5962    i.RotationMatrix_update  mahony_filter.o
    0x0800ff02   0x0800ff02   0x00000002   PAD
    0x0800ff04   0x0800ff04   0x00000010   Code   RO         1086    i.SPI2_IRQHandler   stm32h7xx_it.o
    0x0800ff14   0x0800ff14   0x000000d6   Code   RO        11280    i.SPI_CloseTransfer  stm32h7xx_hal_spi.o
    0x0800ffea   0x0800ffea   0x0000001c   Code   RO        11281    i.SPI_DMAAbortOnError  stm32h7xx_hal_spi.o
    0x08010006   0x08010006   0x0000001a   Code   RO        11291    i.SPI_GetPacketSize  stm32h7xx_hal_spi.o
    0x08010020   0x08010020   0x00000042   Code   RO        11298    i.SPI_WaitOnFlagUntilTimeout  stm32h7xx_hal_spi.o
    0x08010062   0x08010062   0x00000012   Code   RO        15306    i.SWAPBYTE          usbd_ctlreq.o
    0x08010074   0x08010074   0x0000000a   Code   RO          478    i.StartDefaultTask  freertos.o
    0x0801007e   0x0801007e   0x00000002   PAD
    0x08010080   0x08010080   0x00000034   Code   RO        14642    i.SysTick_Handler   port.o
    0x080100b4   0x080100b4   0x000000bc   Code   RO            7    i.SystemClock_Config  main.o
    0x08010170   0x08010170   0x000000e0   Code   RO        13421    i.SystemInit        system_stm32h7xx.o
    0x08010250   0x08010250   0x00000010   Code   RO         1087    i.TIM24_IRQHandler  stm32h7xx_it.o
    0x08010260   0x08010260   0x00000010   Code   RO         1088    i.TIM6_DAC_IRQHandler  stm32h7xx_it.o
    0x08010270   0x08010270   0x000000e0   Code   RO        11678    i.TIM_Base_SetConfig  stm32h7xx_hal_tim.o
    0x08010350   0x08010350   0x00000022   Code   RO        11679    i.TIM_CCxChannelCmd  stm32h7xx_hal_tim.o
    0x08010372   0x08010372   0x00000016   Code   RO        11689    i.TIM_ETR_SetConfig  stm32h7xx_hal_tim.o
    0x08010388   0x08010388   0x00000018   Code   RO        11690    i.TIM_ITRx_SetConfig  stm32h7xx_hal_tim.o
    0x080103a0   0x080103a0   0x000000ac   Code   RO        11691    i.TIM_OC1_SetConfig  stm32h7xx_hal_tim.o
    0x0801044c   0x0801044c   0x000000b4   Code   RO        11692    i.TIM_OC2_SetConfig  stm32h7xx_hal_tim.o
    0x08010500   0x08010500   0x000000b4   Code   RO        11693    i.TIM_OC3_SetConfig  stm32h7xx_hal_tim.o
    0x080105b4   0x080105b4   0x00000074   Code   RO        11694    i.TIM_OC4_SetConfig  stm32h7xx_hal_tim.o
    0x08010628   0x08010628   0x00000070   Code   RO        11695    i.TIM_OC5_SetConfig  stm32h7xx_hal_tim.o
    0x08010698   0x08010698   0x00000070   Code   RO        11696    i.TIM_OC6_SetConfig  stm32h7xx_hal_tim.o
    0x08010708   0x08010708   0x00000026   Code   RO        11698    i.TIM_TI1_ConfigInputStage  stm32h7xx_hal_tim.o
    0x0801072e   0x0801072e   0x00000028   Code   RO        11700    i.TIM_TI2_ConfigInputStage  stm32h7xx_hal_tim.o
    0x08010756   0x08010756   0x00000002   PAD
    0x08010758   0x08010758   0x00000010   Code   RO         1089    i.UART5_IRQHandler  stm32h7xx_it.o
    0x08010768   0x08010768   0x00000010   Code   RO         1090    i.UART7_IRQHandler  stm32h7xx_it.o
    0x08010778   0x08010778   0x00000058   Code   RO        13052    i.UARTEx_SetNbDataToProcess  stm32h7xx_hal_uart_ex.o
    0x080107d0   0x080107d0   0x000000f8   Code   RO        12656    i.UART_AdvFeatureConfig  stm32h7xx_hal_uart.o
    0x080108c8   0x080108c8   0x000000ea   Code   RO        12657    i.UART_CheckIdleState  stm32h7xx_hal_uart.o
    0x080109b2   0x080109b2   0x00000018   Code   RO        12658    i.UART_DMAAbortOnError  stm32h7xx_hal_uart.o
    0x080109ca   0x080109ca   0x0000005e   Code   RO        12659    i.UART_DMAError     stm32h7xx_hal_uart.o
    0x08010a28   0x08010a28   0x000000ae   Code   RO        12660    i.UART_DMAReceiveCplt  stm32h7xx_hal_uart.o
    0x08010ad6   0x08010ad6   0x00000026   Code   RO        12662    i.UART_DMARxHalfCplt  stm32h7xx_hal_uart.o
    0x08010afc   0x08010afc   0x00000054   Code   RO        12664    i.UART_DMATransmitCplt  stm32h7xx_hal_uart.o
    0x08010b50   0x08010b50   0x0000000e   Code   RO        12666    i.UART_DMATxHalfCplt  stm32h7xx_hal_uart.o
    0x08010b5e   0x08010b5e   0x00000002   PAD
    0x08010b60   0x08010b60   0x0000006c   Code   RO        12668    i.UART_EndRxTransfer  stm32h7xx_hal_uart.o
    0x08010bcc   0x08010bcc   0x00000030   Code   RO        12669    i.UART_EndTransmit_IT  stm32h7xx_hal_uart.o
    0x08010bfc   0x08010bfc   0x00000040   Code   RO        12670    i.UART_EndTxTransfer  stm32h7xx_hal_uart.o
    0x08010c3c   0x08010c3c   0x00000104   Code   RO        12671    i.UART_RxISR_16BIT  stm32h7xx_hal_uart.o
    0x08010d40   0x08010d40   0x000001fc   Code   RO        12672    i.UART_RxISR_16BIT_FIFOEN  stm32h7xx_hal_uart.o
    0x08010f3c   0x08010f3c   0x00000104   Code   RO        12673    i.UART_RxISR_8BIT   stm32h7xx_hal_uart.o
    0x08011040   0x08011040   0x000001f8   Code   RO        12674    i.UART_RxISR_8BIT_FIFOEN  stm32h7xx_hal_uart.o
    0x08011238   0x08011238   0x00000628   Code   RO        12675    i.UART_SetConfig    stm32h7xx_hal_uart.o
    0x08011860   0x08011860   0x000000c8   Code   RO        12676    i.UART_Start_Receive_DMA  stm32h7xx_hal_uart.o
    0x08011928   0x08011928   0x0000015c   Code   RO        12677    i.UART_Start_Receive_IT  stm32h7xx_hal_uart.o
    0x08011a84   0x08011a84   0x00000062   Code   RO        12678    i.UART_TxISR_16BIT  stm32h7xx_hal_uart.o
    0x08011ae6   0x08011ae6   0x00000082   Code   RO        12679    i.UART_TxISR_16BIT_FIFOEN  stm32h7xx_hal_uart.o
    0x08011b68   0x08011b68   0x0000005c   Code   RO        12680    i.UART_TxISR_8BIT   stm32h7xx_hal_uart.o
    0x08011bc4   0x08011bc4   0x0000007e   Code   RO        12681    i.UART_TxISR_8BIT_FIFOEN  stm32h7xx_hal_uart.o
    0x08011c42   0x08011c42   0x000000a2   Code   RO        12682    i.UART_WaitOnFlagUntilTimeout  stm32h7xx_hal_uart.o
    0x08011ce4   0x08011ce4   0x00000010   Code   RO         1091    i.USART10_IRQHandler  stm32h7xx_it.o
    0x08011cf4   0x08011cf4   0x00000010   Code   RO         1092    i.USART1_IRQHandler  stm32h7xx_it.o
    0x08011d04   0x08011d04   0x00000018   Code   RO         4981    i.USART1_Transmit_DMA  bsp_usart.o
    0x08011d1c   0x08011d1c   0x000000c4   Code   RO        15477    i.USBD_CDC_DataIn   usbd_cdc.o
    0x08011de0   0x08011de0   0x00000048   Code   RO        15478    i.USBD_CDC_DataOut  usbd_cdc.o
    0x08011e28   0x08011e28   0x000000d4   Code   RO        15479    i.USBD_CDC_DeInit   usbd_cdc.o
    0x08011efc   0x08011efc   0x00000050   Code   RO        15480    i.USBD_CDC_EP0_RxReady  usbd_cdc.o
    0x08011f4c   0x08011f4c   0x00000010   Code   RO        15481    i.USBD_CDC_GetDeviceQualifierDescriptor  usbd_cdc.o
    0x08011f5c   0x08011f5c   0x00000044   Code   RO        15482    i.USBD_CDC_GetFSCfgDesc  usbd_cdc.o
    0x08011fa0   0x08011fa0   0x00000048   Code   RO        15483    i.USBD_CDC_GetHSCfgDesc  usbd_cdc.o
    0x08011fe8   0x08011fe8   0x00000044   Code   RO        15484    i.USBD_CDC_GetOtherSpeedCfgDesc  usbd_cdc.o
    0x0801202c   0x0801202c   0x000001a0   Code   RO        15485    i.USBD_CDC_Init     usbd_cdc.o
    0x080121cc   0x080121cc   0x00000050   Code   RO        15486    i.USBD_CDC_ReceivePacket  usbd_cdc.o
    0x0801221c   0x0801221c   0x00000018   Code   RO        15487    i.USBD_CDC_RegisterInterface  usbd_cdc.o
    0x08012234   0x08012234   0x0000001e   Code   RO        15488    i.USBD_CDC_SetRxBuffer  usbd_cdc.o
    0x08012252   0x08012252   0x00000024   Code   RO        15489    i.USBD_CDC_SetTxBuffer  usbd_cdc.o
    0x08012276   0x08012276   0x00000140   Code   RO        15490    i.USBD_CDC_Setup    usbd_cdc.o
    0x080123b6   0x080123b6   0x00000002   PAD
    0x080123b8   0x080123b8   0x0000005c   Code   RO        15491    i.USBD_CDC_TransmitPacket  usbd_cdc.o
    0x08012414   0x08012414   0x0000001c   Code   RO        15140    i.USBD_ClrClassConfig  usbd_core.o
    0x08012430   0x08012430   0x0000003e   Code   RO        15307    i.USBD_ClrFeature   usbd_ctlreq.o
    0x0801246e   0x0801246e   0x00000006   Code   RO        15141    i.USBD_CoreFindEP   usbd_core.o
    0x08012474   0x08012474   0x00000006   Code   RO        15142    i.USBD_CoreFindIF   usbd_core.o
    0x0801247a   0x0801247a   0x00000018   Code   RO        15413    i.USBD_CtlContinueRx  usbd_ioreq.o
    0x08012492   0x08012492   0x00000018   Code   RO        15414    i.USBD_CtlContinueSendData  usbd_ioreq.o
    0x080124aa   0x080124aa   0x00000018   Code   RO        15308    i.USBD_CtlError     usbd_ctlreq.o
    0x080124c2   0x080124c2   0x00000028   Code   RO        15415    i.USBD_CtlPrepareRx  usbd_ioreq.o
    0x080124ea   0x080124ea   0x0000001a   Code   RO        15416    i.USBD_CtlReceiveStatus  usbd_ioreq.o
    0x08012504   0x08012504   0x00000022   Code   RO        15417    i.USBD_CtlSendData  usbd_ioreq.o
    0x08012526   0x08012526   0x0000001a   Code   RO        15418    i.USBD_CtlSendStatus  usbd_ioreq.o
    0x08012540   0x08012540   0x00000056   Code   RO        15309    i.USBD_GetConfig    usbd_ctlreq.o
    0x08012596   0x08012596   0x00000232   Code   RO        15310    i.USBD_GetDescriptor  usbd_ctlreq.o
    0x080127c8   0x080127c8   0x00000050   Code   RO        15144    i.USBD_GetEpDesc    usbd_core.o
    0x08012818   0x08012818   0x00000016   Code   RO        15311    i.USBD_GetLen       usbd_ctlreq.o
    0x0801282e   0x0801282e   0x00000014   Code   RO        15145    i.USBD_GetNextDesc  usbd_core.o
    0x08012842   0x08012842   0x0000005a   Code   RO        15312    i.USBD_GetStatus    usbd_ctlreq.o
    0x0801289c   0x0801289c   0x00000054   Code   RO        15313    i.USBD_GetString    usbd_ctlreq.o
    0x080128f0   0x080128f0   0x0000002c   Code   RO        14942    i.USBD_Get_USB_Status  usbd_conf.o
    0x0801291c   0x0801291c   0x00000034   Code   RO        14761    i.USBD_HS_ConfigStrDescriptor  usbd_desc.o
    0x08012950   0x08012950   0x00000010   Code   RO        14762    i.USBD_HS_DeviceDescriptor  usbd_desc.o
    0x08012960   0x08012960   0x00000038   Code   RO        14763    i.USBD_HS_InterfaceStrDescriptor  usbd_desc.o
    0x08012998   0x08012998   0x00000010   Code   RO        14764    i.USBD_HS_LangIDStrDescriptor  usbd_desc.o
    0x080129a8   0x080129a8   0x0000002c   Code   RO        14765    i.USBD_HS_ManufacturerStrDescriptor  usbd_desc.o
    0x080129d4   0x080129d4   0x00000040   Code   RO        14766    i.USBD_HS_ProductStrDescriptor  usbd_desc.o
    0x08012a14   0x08012a14   0x00000018   Code   RO        14767    i.USBD_HS_SerialStrDescriptor  usbd_desc.o
    0x08012a2c   0x08012a2c   0x0000003a   Code   RO        15146    i.USBD_Init         usbd_core.o
    0x08012a66   0x08012a66   0x00000026   Code   RO        14943    i.USBD_LL_ClearStallEP  usbd_conf.o
    0x08012a8c   0x08012a8c   0x00000026   Code   RO        14944    i.USBD_LL_CloseEP   usbd_conf.o
    0x08012ab2   0x08012ab2   0x00000108   Code   RO        15147    i.USBD_LL_DataInStage  usbd_core.o
    0x08012bba   0x08012bba   0x00000102   Code   RO        15148    i.USBD_LL_DataOutStage  usbd_core.o
    0x08012cbc   0x08012cbc   0x00000006   Code   RO        15149    i.USBD_LL_DevConnected  usbd_core.o
    0x08012cc2   0x08012cc2   0x00000026   Code   RO        15150    i.USBD_LL_DevDisconnected  usbd_core.o
    0x08012ce8   0x08012ce8   0x00000012   Code   RO        14948    i.USBD_LL_GetRxDataSize  usbd_conf.o
    0x08012cfa   0x08012cfa   0x00000002   PAD
    0x08012cfc   0x08012cfc   0x00000070   Code   RO        14949    i.USBD_LL_Init      usbd_conf.o
    0x08012d6c   0x08012d6c   0x00000038   Code   RO        14950    i.USBD_LL_IsStallEP  usbd_conf.o
    0x08012da4   0x08012da4   0x00000048   Code   RO        15151    i.USBD_LL_IsoINIncomplete  usbd_core.o
    0x08012dec   0x08012dec   0x00000048   Code   RO        15152    i.USBD_LL_IsoOUTIncomplete  usbd_core.o
    0x08012e34   0x08012e34   0x00000030   Code   RO        14951    i.USBD_LL_OpenEP    usbd_conf.o
    0x08012e64   0x08012e64   0x00000030   Code   RO        14952    i.USBD_LL_PrepareReceive  usbd_conf.o
    0x08012e94   0x08012e94   0x0000006c   Code   RO        15153    i.USBD_LL_Reset     usbd_core.o
    0x08012f00   0x08012f00   0x00000016   Code   RO        15154    i.USBD_LL_Resume    usbd_core.o
    0x08012f16   0x08012f16   0x00000028   Code   RO        15155    i.USBD_LL_SOF       usbd_core.o
    0x08012f3e   0x08012f3e   0x00000008   Code   RO        15156    i.USBD_LL_SetSpeed  usbd_core.o
    0x08012f46   0x08012f46   0x00000026   Code   RO        14953    i.USBD_LL_SetUSBAddress  usbd_conf.o
    0x08012f6c   0x08012f6c   0x00000076   Code   RO        15157    i.USBD_LL_SetupStage  usbd_core.o
    0x08012fe2   0x08012fe2   0x00000026   Code   RO        14954    i.USBD_LL_StallEP   usbd_conf.o
    0x08013008   0x08013008   0x0000001e   Code   RO        14955    i.USBD_LL_Start     usbd_conf.o
    0x08013026   0x08013026   0x0000001c   Code   RO        15158    i.USBD_LL_Suspend   usbd_core.o
    0x08013042   0x08013042   0x00000030   Code   RO        14957    i.USBD_LL_Transmit  usbd_conf.o
    0x08013072   0x08013072   0x00000036   Code   RO        15314    i.USBD_ParseSetupRequest  usbd_ctlreq.o
    0x080130a8   0x080130a8   0x00000048   Code   RO        15159    i.USBD_RegisterClass  usbd_core.o
    0x080130f0   0x080130f0   0x00000006   Code   RO        15160    i.USBD_RunTestMode  usbd_core.o
    0x080130f6   0x080130f6   0x0000005a   Code   RO        15315    i.USBD_SetAddress   usbd_ctlreq.o
    0x08013150   0x08013150   0x00000020   Code   RO        15161    i.USBD_SetClassConfig  usbd_core.o
    0x08013170   0x08013170   0x00000104   Code   RO        15316    i.USBD_SetConfig    usbd_ctlreq.o
    0x08013274   0x08013274   0x00000038   Code   RO        15317    i.USBD_SetFeature   usbd_ctlreq.o
    0x080132ac   0x080132ac   0x0000000c   Code   RO        15162    i.USBD_Start        usbd_core.o
    0x080132b8   0x080132b8   0x000000ae   Code   RO        15318    i.USBD_StdDevReq    usbd_ctlreq.o
    0x08013366   0x08013366   0x00000280   Code   RO        15319    i.USBD_StdEPReq     usbd_ctlreq.o
    0x080135e6   0x080135e6   0x000000ae   Code   RO        15320    i.USBD_StdItfReq    usbd_ctlreq.o
    0x08013694   0x08013694   0x00000002   Code   RO        14958    i.USBD_static_free  usbd_conf.o
    0x08013696   0x08013696   0x00000002   PAD
    0x08013698   0x08013698   0x0000000c   Code   RO        14959    i.USBD_static_malloc  usbd_conf.o
    0x080136a4   0x080136a4   0x000000d0   Code   RO         6760    i.USB_ActivateEndpoint  stm32h7xx_ll_usb.o
    0x08013774   0x08013774   0x00000028   Code   RO         6762    i.USB_ActivateSetup  stm32h7xx_ll_usb.o
    0x0801379c   0x0801379c   0x00000098   Code   RO         6764    i.USB_CoreInit      stm32h7xx_ll_usb.o
    0x08013834   0x08013834   0x00000058   Code   RO         6765    i.USB_CoreReset     stm32h7xx_ll_usb.o
    0x0801388c   0x0801388c   0x0000014c   Code   RO         6768    i.USB_DeactivateEndpoint  stm32h7xx_ll_usb.o
    0x080139d8   0x080139d8   0x00000024   Code   RO         6769    i.USB_DevConnect    stm32h7xx_ll_usb.o
    0x080139fc   0x080139fc   0x00000024   Code   RO         6770    i.USB_DevDisconnect  stm32h7xx_ll_usb.o
    0x08013a20   0x08013a20   0x000001d8   Code   RO         6771    i.USB_DevInit       stm32h7xx_ll_usb.o
    0x08013bf8   0x08013bf8   0x0000000e   Code   RO         6772    i.USB_DisableGlobalInt  stm32h7xx_ll_usb.o
    0x08013c06   0x08013c06   0x00000002   PAD
    0x08013c08   0x08013c08   0x00000070   Code   RO         6775    i.USB_EP0_OutStart  stm32h7xx_ll_usb.o
    0x08013c78   0x08013c78   0x0000008e   Code   RO         6776    i.USB_EPClearStall  stm32h7xx_ll_usb.o
    0x08013d06   0x08013d06   0x0000009a   Code   RO         6777    i.USB_EPSetStall    stm32h7xx_ll_usb.o
    0x08013da0   0x08013da0   0x000003b4   Code   RO         6778    i.USB_EPStartXfer   stm32h7xx_ll_usb.o
    0x08014154   0x08014154   0x000000ec   Code   RO         6779    i.USB_EPStopXfer    stm32h7xx_ll_usb.o
    0x08014240   0x08014240   0x0000000e   Code   RO         6780    i.USB_EnableGlobalInt  stm32h7xx_ll_usb.o
    0x0801424e   0x0801424e   0x00000002   PAD
    0x08014250   0x08014250   0x00000054   Code   RO         6781    i.USB_FlushRxFifo   stm32h7xx_ll_usb.o
    0x080142a4   0x080142a4   0x00000058   Code   RO         6782    i.USB_FlushTxFifo   stm32h7xx_ll_usb.o
    0x080142fc   0x080142fc   0x00000026   Code   RO         6784    i.USB_GetDevSpeed   stm32h7xx_ll_usb.o
    0x08014322   0x08014322   0x0000000a   Code   RO         6786    i.USB_GetMode       stm32h7xx_ll_usb.o
    0x0801432c   0x0801432c   0x00000014   Code   RO         6794    i.USB_ReadDevAllInEpInterrupt  stm32h7xx_ll_usb.o
    0x08014340   0x08014340   0x00000014   Code   RO         6795    i.USB_ReadDevAllOutEpInterrupt  stm32h7xx_ll_usb.o
    0x08014354   0x08014354   0x00000032   Code   RO         6796    i.USB_ReadDevInEPInterrupt  stm32h7xx_ll_usb.o
    0x08014386   0x08014386   0x0000001a   Code   RO         6797    i.USB_ReadDevOutEPInterrupt  stm32h7xx_ll_usb.o
    0x080143a0   0x080143a0   0x0000000a   Code   RO         6798    i.USB_ReadInterrupts  stm32h7xx_ll_usb.o
    0x080143aa   0x080143aa   0x00000060   Code   RO         6799    i.USB_ReadPacket    stm32h7xx_ll_usb.o
    0x0801440a   0x0801440a   0x00000068   Code   RO         6801    i.USB_SetCurrentMode  stm32h7xx_ll_usb.o
    0x08014472   0x08014472   0x0000002a   Code   RO         6802    i.USB_SetDevAddress  stm32h7xx_ll_usb.o
    0x0801449c   0x0801449c   0x00000012   Code   RO         6803    i.USB_SetDevSpeed   stm32h7xx_ll_usb.o
    0x080144ae   0x080144ae   0x00000002   PAD
    0x080144b0   0x080144b0   0x000000e8   Code   RO         6804    i.USB_SetTurnaroundTime  stm32h7xx_ll_usb.o
    0x08014598   0x08014598   0x00000044   Code   RO         6807    i.USB_WritePacket   stm32h7xx_ll_usb.o
    0x080145dc   0x080145dc   0x00000004   Code   RO         1093    i.UsageFault_Handler  stm32h7xx_it.o
    0x080145e0   0x080145e0   0x00000038   Code   RO         5455    i.Vofa_JustFloat    bsp_vofa+.o
    0x08014618   0x08014618   0x00000030   Code   RO        16284    i.__ARM_fpclassify  m_wv.l(fpclassify.o)
    0x08014648   0x08014648   0x00000026   Code   RO        16212    i.__ARM_fpclassifyf  m_wv.l(fpclassifyf.o)
    0x0801466e   0x0801466e   0x00000002   PAD
    0x08014670   0x08014670   0x00000010   Code   RO         8504    i.__NVIC_GetPriorityGrouping  stm32h7xx_hal_cortex.o
    0x08014680   0x08014680   0x00000028   Code   RO         8505    i.__NVIC_SetPriority  stm32h7xx_hal_cortex.o
    0x080146a8   0x080146a8   0x00000138   Code   RO        15769    i.__hardfp_asinf    m_wv.l(asinf.o)
    0x080147e0   0x080147e0   0x00000200   Code   RO        16175    i.__hardfp_atan     m_wv.l(atan.o)
    0x080149e0   0x080149e0   0x000001c8   Code   RO        15781    i.__hardfp_atan2    m_wv.l(atan2.o)
    0x08014ba8   0x08014ba8   0x000002b4   Code   RO        15793    i.__hardfp_atan2f   m_wv.l(atan2f.o)
    0x08014e5c   0x08014e5c   0x00000066   Code   RO        15841    i.__hardfp_sqrt     m_wv.l(sqrt.o)
    0x08014ec2   0x08014ec2   0x0000003a   Code   RO        15853    i.__hardfp_sqrtf    m_wv.l(sqrtf.o)
    0x08014efc   0x08014efc   0x00000070   Code   RO        16286    i.__kernel_poly     m_wv.l(poly.o)
    0x08014f6c   0x08014f6c   0x00000006   Code   RO        16193    i.__mathlib_dbl_infnan  m_wv.l(dunder.o)
    0x08014f72   0x08014f72   0x00000006   Code   RO        16194    i.__mathlib_dbl_infnan2  m_wv.l(dunder.o)
    0x08014f78   0x08014f78   0x00000018   Code   RO        16198    i.__mathlib_dbl_underflow  m_wv.l(dunder.o)
    0x08014f90   0x08014f90   0x00000006   Code   RO        16215    i.__mathlib_flt_infnan  m_wv.l(funder.o)
    0x08014f96   0x08014f96   0x00000006   Code   RO        16216    i.__mathlib_flt_infnan2  m_wv.l(funder.o)
    0x08014f9c   0x08014f9c   0x00000010   Code   RO        16217    i.__mathlib_flt_invalid  m_wv.l(funder.o)
    0x08014fac   0x08014fac   0x00000010   Code   RO        16220    i.__mathlib_flt_underflow  m_wv.l(funder.o)
    0x08014fbc   0x08014fbc   0x0000000e   Code   RO        16296    i.__scatterload_copy  mc_w.l(handlers.o)
    0x08014fca   0x08014fca   0x00000002   Code   RO        16297    i.__scatterload_null  mc_w.l(handlers.o)
    0x08014fcc   0x08014fcc   0x0000000e   Code   RO        16298    i.__scatterload_zeroinit  mc_w.l(handlers.o)
    0x08014fda   0x08014fda   0x00000002   PAD
    0x08014fdc   0x08014fdc   0x0000000c   Code   RO        16268    i.__set_errno       mc_w.l(errno.o)
    0x08014fe8   0x08014fe8   0x0000002a   Code   RO         2405    i.aa_clamp          auto_aim.o
    0x08015012   0x08015012   0x00000010   Code   RO        16177    i.atan              m_wv.l(atan.o)
    0x08015022   0x08015022   0x00000002   PAD
    0x08015024   0x08015024   0x000000a4   Code   RO         2406    i.auto_aim_apply_delta_udeg  auto_aim.o
    0x080150c8   0x080150c8   0x000003c8   Code   RO         2408    i.auto_aim_control_tick_internal  auto_aim.o
    0x08015490   0x08015490   0x000000b8   Code   RO         2409    i.auto_aim_feedback_update  auto_aim.o
    0x08015548   0x08015548   0x0000004c   Code   RO         2410    i.auto_aim_init     auto_aim.o
    0x08015594   0x08015594   0x00000040   Code   RO         2412    i.auto_aim_set      auto_aim.o
    0x080155d4   0x080155d4   0x000000b4   Code   RO         2413    i.auto_aim_task     auto_aim.o
    0x08015688   0x08015688   0x0000016c   Code   RO        13168    i.bmi088_accel_init  bmi088driver.o
    0x080157f4   0x080157f4   0x00000130   Code   RO        13169    i.bmi088_gyro_init  bmi088driver.o
    0x08015924   0x08015924   0x00000010   Code   RO         5140    i.buzzer_off        bsp_buzzer.o
    0x08015934   0x08015934   0x00000014   Code   RO         5141    i.buzzer_on         bsp_buzzer.o
    0x08015948   0x08015948   0x00000198   Code   RO         3290    i.calc_gimbal_cali  double_yaw_pitch.o
    0x08015ae0   0x08015ae0   0x000000e4   Code   RO         2536    i.cali_data_read    calibrate_task.o
    0x08015bc4   0x08015bc4   0x00000088   Code   RO         2537    i.cali_data_write   calibrate_task.o
    0x08015c4c   0x08015c4c   0x0000006c   Code   RO         2538    i.cali_gimbal_hook  calibrate_task.o
    0x08015cb8   0x08015cb8   0x00000046   Code   RO         2540    i.cali_head_hook    calibrate_task.o
    0x08015cfe   0x08015cfe   0x00000002   PAD
    0x08015d00   0x08015d00   0x000000b8   Code   RO         2541    i.cali_param_init   calibrate_task.o
    0x08015db8   0x08015db8   0x0000013c   Code   RO         2542    i.calibrate_task    calibrate_task.o
    0x08015ef4   0x08015ef4   0x00000030   Code   RO         4300    i.cam_fifo_clear    camera_channel.o
    0x08015f24   0x08015f24   0x000000b0   Code   RO         4302    i.camera_channel_init_ex  camera_channel.o
    0x08015fd4   0x08015fd4   0x00000038   Code   RO         4305    i.camera_channel_tick  camera_channel.o
    0x0801600c   0x0801600c   0x00000094   Code   RO         4306    i.camera_channel_trigger  camera_channel.o
    0x080160a0   0x080160a0   0x00000046   Code   RO         4307    i.camera_on_rx      camera_channel.o
    0x080160e6   0x080160e6   0x0000006a   Code   RO         4308    i.camera_pack_event  camera_channel.o
    0x08016150   0x08016150   0x00000088   Code   RO         4738    i.canx_send_data    can_bsp.o
    0x080161d8   0x080161d8   0x00000150   Code   RO         3726    i.ch_uproto_arbiter_tick  comm.o
    0x08016328   0x08016328   0x00000026   Code   RO         3727    i.ch_uproto_bind    comm.o
    0x0801634e   0x0801634e   0x00000110   Code   RO         3728    i.ch_uproto_queue_notify  comm.o
    0x0801645e   0x0801645e   0x00000002   PAD
    0x08016460   0x08016460   0x00000020   Code   RO         3729    i.ch_uproto_register_rx  comm.o
    0x08016480   0x08016480   0x000000a8   Code   RO         3730    i.ch_uproto_send_notify  comm.o
    0x08016528   0x08016528   0x0000000e   Code   RO         3731    i.channel_bind_transport  comm.o
    0x08016536   0x08016536   0x00000002   Code   RO         3732    i.channel_default_hooks_on_cfg_change  comm.o
    0x08016538   0x08016538   0x0000004c   Code   RO         3733    i.channel_init      comm.o
    0x08016584   0x08016584   0x00000298   Code   RO         3170    i.chas_inv_cal      steering_chassis.o
    0x0801681c   0x0801681c   0x0000002e   Code   RO         2101    i.chassis_SPIN_control  chassis_behaviour.o
    0x0801684a   0x0801684a   0x00000002   PAD
    0x0801684c   0x0801684c   0x000000b8   Code   RO         2102    i.chassis_behaviour_control_set  chassis_behaviour.o
    0x08016904   0x08016904   0x00000104   Code   RO         2103    i.chassis_behaviour_mode_set  chassis_behaviour.o
    0x08016a08   0x08016a08   0x0000008c   Code   RO         3171    i.chassis_control_loop  steering_chassis.o
    0x08016a94   0x08016a94   0x00000064   Code   RO         2104    i.chassis_engineer_follow_chassis_yaw_control  chassis_behaviour.o
    0x08016af8   0x08016af8   0x00000128   Code   RO         3172    i.chassis_feedback_update  steering_chassis.o
    0x08016c20   0x08016c20   0x0000011c   Code   RO         2105    i.chassis_infantry_follow_gimbal_yaw_control  chassis_behaviour.o
    0x08016d3c   0x08016d3c   0x00000164   Code   RO         3173    i.chassis_init      steering_chassis.o
    0x08016ea0   0x08016ea0   0x00000058   Code   RO         3174    i.chassis_mode_change_control_transit  steering_chassis.o
    0x08016ef8   0x08016ef8   0x00000064   Code   RO         2106    i.chassis_no_follow_yaw_control  chassis_behaviour.o
    0x08016f5c   0x08016f5c   0x0000002c   Code   RO         2107    i.chassis_no_move_control  chassis_behaviour.o
    0x08016f88   0x08016f88   0x0000005c   Code   RO         2108    i.chassis_open_set_control  chassis_behaviour.o
    0x08016fe4   0x08016fe4   0x00000018   Code   RO         1989    i.chassis_power_control  chassis_power_control.o
    0x08016ffc   0x08016ffc   0x0000016c   Code   RO         2109    i.chassis_rc_to_control_vector  chassis_behaviour.o
    0x08017168   0x08017168   0x00000058   Code   RO         3175    i.chassis_send_cmd  steering_chassis.o
    0x080171c0   0x080171c0   0x0000027c   Code   RO         3176    i.chassis_set_contorl  steering_chassis.o
    0x0801743c   0x0801743c   0x00000012   Code   RO         3177    i.chassis_set_mode  steering_chassis.o
    0x0801744e   0x0801744e   0x00000002   PAD
    0x08017450   0x08017450   0x000000f8   Code   RO         4984    i.chassis_to_gimbal  bsp_usart.o
    0x08017548   0x08017548   0x00000078   Code   RO         3178    i.chassis_wheel_angle_offset_init  steering_chassis.o
    0x080175c0   0x080175c0   0x0000002c   Code   RO         2110    i.chassis_zero_force_control  chassis_behaviour.o
    0x080175ec   0x080175ec   0x00000032   Code   RO         3737    i.chmgr_dispatch_rx  comm.o
    0x0801761e   0x0801761e   0x00000034   Code   RO         3738    i.chmgr_find        comm.o
    0x08017652   0x08017652   0x00000014   Code   RO         3739    i.chmgr_init        comm.o
    0x08017666   0x08017666   0x0000002a   Code   RO         3740    i.chmgr_register    comm.o
    0x08017690   0x08017690   0x0000002e   Code   RO         3741    i.chmgr_tick        comm.o
    0x080176be   0x080176be   0x00000002   PAD
    0x080176c0   0x080176c0   0x00000118   Code   RO         3291    i.cmd_cali_gimbal_hook  double_yaw_pitch.o
    0x080177d8   0x080177d8   0x0000008c   Code   RO         4026    i.comm_app_task     comm_app.o
    0x08017864   0x08017864   0x00000010   Code   RO         4027    i.comm_camera_trigger_pulse  comm_app.o
    0x08017874   0x08017874   0x0000001a   Code   RO         4384    i.comm_read_i32_le  gimbal_channel.o
    0x0801788e   0x0801788e   0x0000000c   Code   RO         4385    i.comm_read_u16_le  gimbal_channel.o
    0x0801789a   0x0801789a   0x0000000c   Code   RO         4501    i.comm_read_u16_le  time_sync_channel.o
    0x080178a6   0x080178a6   0x00000022   Code   RO         4502    i.comm_read_u64_le  time_sync_channel.o
    0x080178c8   0x080178c8   0x00000014   Code   RO         4386    i.comm_write_i32_le  gimbal_channel.o
    0x080178dc   0x080178dc   0x00000008   Code   RO         4309    i.comm_write_u16_le  camera_channel.o
    0x080178e4   0x080178e4   0x00000008   Code   RO         4387    i.comm_write_u16_le  gimbal_channel.o
    0x080178ec   0x080178ec   0x00000008   Code   RO         4503    i.comm_write_u16_le  time_sync_channel.o
    0x080178f4   0x080178f4   0x0000002a   Code   RO         4388    i.comm_write_u64_le  gimbal_channel.o
    0x0801791e   0x0801791e   0x0000002a   Code   RO         4504    i.comm_write_u64_le  time_sync_channel.o
    0x08017948   0x08017948   0x00000014   Code   RO         3876    i.crc16_ccitt       uproto.o
    0x0801795c   0x0801795c   0x00000018   Code   RO        16208    i.fabs              m_wv.l(fabs.o)
    0x08017974   0x08017974   0x0000000a   Code   RO         2414    i.fabsf             auto_aim.o
    0x0801797e   0x0801797e   0x0000000a   Code   RO        13170    i.fabsf             bmi088driver.o
    0x08017988   0x08017988   0x00000016   Code   RO         5643    i.fifo_s_init       fifo.o
    0x0801799e   0x0801799e   0x000001fe   Code   RO         3742    i.find_next_ready_index  comm.o
    0x08017b9c   0x08017b9c   0x00000054   Code   RO         6186    i.first_order_filter_cali  user_lib.o
    0x08017bf0   0x08017bf0   0x00000024   Code   RO         6187    i.first_order_filter_init  user_lib.o
    0x08017c14   0x08017c14   0x0000001c   Code   RO         5092    i.flash_erase_address  bsp_flash.o
    0x08017c30   0x08017c30   0x00000060   Code   RO         5094    i.flash_read        bsp_flash.o
    0x08017c90   0x08017c90   0x00000054   Code   RO         5095    i.flash_write_single_address  bsp_flash.o
    0x08017ce4   0x08017ce4   0x00000032   Code   RO         4739    i.float_to_uint     can_bsp.o
    0x08017d16   0x08017d16   0x0000002a   Code   RO         6191    i.fp32_constrain    user_lib.o
    0x08017d40   0x08017d40   0x0000004c   Code   RO         3478    i.fric1_on          shoot_3508.o
    0x08017d8c   0x08017d8c   0x0000004c   Code   RO         3479    i.fric2_on          shoot_3508.o
    0x08017dd8   0x08017dd8   0x000000b0   Code   RO         3480    i.fric_off          shoot_3508.o
    0x08017e88   0x08017e88   0x00000034   Code   RO         5850    i.get_CRC16_check_sum  crc8_crc16.o
    0x08017ebc   0x08017ebc   0x00000008   Code   RO         1316    i.get_INS_angle_point  ins_task.o
    0x08017ec4   0x08017ec4   0x00000014   Code   RO         4740    i.get_chassis_motor_measure_point  can_bsp.o
    0x08017ed8   0x08017ed8   0x00000008   Code   RO         4742    i.get_fric1_motor_measure_point  can_bsp.o
    0x08017ee0   0x08017ee0   0x00000008   Code   RO         4744    i.get_fric2_motor_measure_point  can_bsp.o
    0x08017ee8   0x08017ee8   0x00000008   Code   RO         1321    i.get_gyro_data_point  ins_task.o
    0x08017ef0   0x08017ef0   0x00000014   Code   RO         4745    i.get_mit_motor_measure_point  can_bsp.o
    0x08017f04   0x08017f04   0x0000002e   Code   RO         4746    i.get_motor_measure  can_bsp.o
    0x08017f32   0x08017f32   0x00000002   PAD
    0x08017f34   0x08017f34   0x00000008   Code   RO         4747    i.get_pitch_gimbal_motor_measure_point  can_bsp.o
    0x08017f3c   0x08017f3c   0x00000008   Code   RO         2289    i.get_pitch_motor_point  gimbal_task.o
    0x08017f44   0x08017f44   0x00000008   Code   RO         1679    i.get_remote_control_point  remote_control.o
    0x08017f4c   0x08017f4c   0x0000000c   Code   RO         1750    i.get_robot_id      referee.o
    0x08017f58   0x08017f58   0x00000018   Code   RO         1751    i.get_shoot_heat0_limit_and_heat0  referee.o
    0x08017f70   0x08017f70   0x00000070   Code   RO          627    i.get_temprate      adc.o
    0x08017fe0   0x08017fe0   0x00000008   Code   RO         4748    i.get_trigger_motor_measure_point  can_bsp.o
    0x08017fe8   0x08017fe8   0x00000008   Code   RO         4749    i.get_yaw_gimbal_motor_measure_point  can_bsp.o
    0x08017ff0   0x08017ff0   0x00000008   Code   RO         2290    i.get_yaw_motor_point  gimbal_task.o
    0x08017ff8   0x08017ff8   0x00000148   Code   RO         3292    i.gimbal_DM4310_absolute_angle_control  double_yaw_pitch.o
    0x08018140   0x08018140   0x00000124   Code   RO         2291    i.gimbal_PID_Calc   gimbal_task.o
    0x08018264   0x08018264   0x00000030   Code   RO         2292    i.gimbal_PID_clear  gimbal_task.o
    0x08018294   0x08018294   0x00000030   Code   RO         2293    i.gimbal_PID_init   gimbal_task.o
    0x080182c4   0x080182c4   0x000001d4   Code   RO         2182    i.gimbal_absolute_angle_control  gimbal_behaviour.o
    0x08018498   0x08018498   0x000000dc   Code   RO         2294    i.gimbal_absolute_angle_limit  gimbal_task.o
    0x08018574   0x08018574   0x000000a0   Code   RO         2183    i.gimbal_behaviour_control_set  gimbal_behaviour.o
    0x08018614   0x08018614   0x000000a4   Code   RO         2184    i.gimbal_behaviour_mode_set  gimbal_behaviour.o
    0x080186b8   0x080186b8   0x000001a8   Code   RO         2185    i.gimbal_behavour_set  gimbal_behaviour.o
    0x08018860   0x08018860   0x000001d0   Code   RO         2186    i.gimbal_cali_control  gimbal_behaviour.o
    0x08018a30   0x08018a30   0x000000a4   Code   RO         4389    i.gimbal_channel_init  gimbal_channel.o
    0x08018ad4   0x08018ad4   0x00000068   Code   RO         4390    i.gimbal_channel_init_ex  gimbal_channel.o
    0x08018b3c   0x08018b3c   0x0000008c   Code   RO         4391    i.gimbal_channel_publish  gimbal_channel.o
    0x08018bc8   0x08018bc8   0x0000006a   Code   RO         4392    i.gimbal_channel_publish_tfmini  gimbal_channel.o
    0x08018c32   0x08018c32   0x00000002   PAD
    0x08018c34   0x08018c34   0x0000002c   Code   RO         2188    i.gimbal_cmd_to_shoot_stop  gimbal_behaviour.o
    0x08018c60   0x08018c60   0x00000076   Code   RO         3293    i.gimbal_control_loop  double_yaw_pitch.o
    0x08018cd6   0x08018cd6   0x00000002   PAD
    0x08018cd8   0x08018cd8   0x000000bc   Code   RO         3294    i.gimbal_feedback_update  double_yaw_pitch.o
    0x08018d94   0x08018d94   0x000000e8   Code   RO         4028    i.gimbal_get_state  comm_app.o
    0x08018e7c   0x08018e7c   0x000001c8   Code   RO         3295    i.gimbal_init       double_yaw_pitch.o
    0x08019044   0x08019044   0x00000094   Code   RO         2189    i.gimbal_init_control  gimbal_behaviour.o
    0x080190d8   0x080190d8   0x00000030   Code   RO         4394    i.gimbal_mailbox_set  gimbal_channel.o
    0x08019108   0x08019108   0x00000050   Code   RO         4986    i.gimbal_memcpy_data_from_chassis  bsp_usart.o
    0x08019158   0x08019158   0x000000dc   Code   RO         3296    i.gimbal_mode_change_control_transit  double_yaw_pitch.o
    0x08019234   0x08019234   0x00000020   Code   RO         2190    i.gimbal_motionless_control  gimbal_behaviour.o
    0x08019254   0x08019254   0x00000188   Code   RO         2295    i.gimbal_motor_absolute_angle_control  gimbal_task.o
    0x080193dc   0x080193dc   0x0000017c   Code   RO         3297    i.gimbal_motor_auto_aim_relative_angle_control  double_yaw_pitch.o
    0x08019558   0x08019558   0x00000022   Code   RO         2296    i.gimbal_motor_raw_angle_control  gimbal_task.o
    0x0801957a   0x0801957a   0x00000032   Code   RO         4029    i.gimbal_on_delta   comm_app.o
    0x080195ac   0x080195ac   0x00000066   Code   RO         4395    i.gimbal_pack_state  gimbal_channel.o
    0x08019612   0x08019612   0x00000002   PAD
    0x08019614   0x08019614   0x000000d4   Code   RO         2191    i.gimbal_relative_angle_control  gimbal_behaviour.o
    0x080196e8   0x080196e8   0x000000d4   Code   RO         2298    i.gimbal_relative_angle_limit  gimbal_task.o
    0x080197bc   0x080197bc   0x00000110   Code   RO         3298    i.gimbal_send_cmd   double_yaw_pitch.o
    0x080198cc   0x080198cc   0x0000011c   Code   RO         3299    i.gimbal_set_control  double_yaw_pitch.o
    0x080199e8   0x080199e8   0x00000012   Code   RO         3300    i.gimbal_set_mode   double_yaw_pitch.o
    0x080199fa   0x080199fa   0x00000002   PAD
    0x080199fc   0x080199fc   0x000000dc   Code   RO         2192    i.gimbal_spin_control  gimbal_behaviour.o
    0x08019ad8   0x08019ad8   0x00000050   Code   RO         2299    i.gimbal_task       gimbal_task.o
    0x08019b28   0x08019b28   0x00000020   Code   RO         2193    i.gimbal_zero_force_control  gimbal_behaviour.o
    0x08019b48   0x08019b48   0x00000036   Code   RO         4505    i.hist_get          time_sync_channel.o
    0x08019b7e   0x08019b7e   0x00000030   Code   RO         4506    i.hist_put          time_sync_channel.o
    0x08019bae   0x08019bae   0x00000060   Code   RO         6194    i.loop_float_constrain  user_lib.o
    0x08019c0e   0x08019c0e   0x00000002   PAD
    0x08019c10   0x08019c10   0x00000028   Code   RO         5963    i.mahony_calibrate_gyro_bias  mahony_filter.o
    0x08019c38   0x08019c38   0x00000048   Code   RO         5964    i.mahony_init       mahony_filter.o
    0x08019c80   0x08019c80   0x0000001e   Code   RO         5965    i.mahony_input      mahony_filter.o
    0x08019c9e   0x08019c9e   0x0000004a   Code   RO         5966    i.mahony_output     mahony_filter.o
    0x08019ce8   0x08019ce8   0x00000296   Code   RO         5967    i.mahony_update     mahony_filter.o
    0x08019f7e   0x08019f7e   0x00000002   PAD
    0x08019f80   0x08019f80   0x00000130   Code   RO            9    i.main              main.o
    0x0801a0b0   0x0801a0b0   0x0000000e   Code   RO        14207    i.makeFreeRtosPriority  cmsis_os.o
    0x0801a0be   0x0801a0be   0x00000016   Code   RO         1874    i.message_task      message_task.o
    0x0801a0d4   0x0801a0d4   0x00000136   Code   RO         2415    i.mf5_update        auto_aim.o
    0x0801a20a   0x0801a20a   0x00000002   PAD
    0x0801a20c   0x0801a20c   0x00000034   Code   RO         2300    i.motor_ecd_to_angle_change  gimbal_task.o
    0x0801a240   0x0801a240   0x0000008e   Code   RO         3743    i.mux_decode        comm.o
    0x0801a2ce   0x0801a2ce   0x00000078   Code   RO         3744    i.mux_encode        comm.o
    0x0801a346   0x0801a346   0x00000018   Code   RO         4507    i.now_us            time_sync_channel.o
    0x0801a35e   0x0801a35e   0x00000002   Code   RO         3179    i.observer          steering_chassis.o
    0x0801a360   0x0801a360   0x00000046   Code   RO         3745    i.on_mux_rx         comm.o
    0x0801a3a6   0x0801a3a6   0x000000a0   Code   RO         4396    i.on_rx             gimbal_channel.o
    0x0801a446   0x0801a446   0x00000216   Code   RO         4508    i.on_rx             time_sync_channel.o
    0x0801a65c   0x0801a65c   0x00000066   Code   RO         4397    i.on_tick           gimbal_channel.o
    0x0801a6c2   0x0801a6c2   0x00000098   Code   RO         4509    i.on_tick           time_sync_channel.o
    0x0801a75a   0x0801a75a   0x00000018   Code   RO        14209    i.osDelay           cmsis_os.o
    0x0801a772   0x0801a772   0x0000000a   Code   RO        14212    i.osKernelStart     cmsis_os.o
    0x0801a77c   0x0801a77c   0x00000030   Code   RO        14246    i.osThreadCreate    cmsis_os.o
    0x0801a7ac   0x0801a7ac   0x0000001a   Code   RO         4166    i.platform_memcpy   platform_stm32.o
    0x0801a7c6   0x0801a7c6   0x0000003c   Code   RO         4167    i.platform_memmove  platform_stm32.o
    0x0801a802   0x0801a802   0x00000018   Code   RO         4168    i.platform_memset   platform_stm32.o
    0x0801a81a   0x0801a81a   0x00000002   PAD
    0x0801a81c   0x0801a81c   0x00000048   Code   RO           10    i.proto_init_from_main  main.o
    0x0801a864   0x0801a864   0x0000000a   Code   RO           13    i.proto_time_now    main.o
    0x0801a86e   0x0801a86e   0x00000002   PAD
    0x0801a870   0x0801a870   0x00000098   Code   RO        13884    i.prvAddCurrentTaskToDelayedList  tasks.o
    0x0801a908   0x0801a908   0x000000b4   Code   RO        13885    i.prvAddNewTaskToReadyList  tasks.o
    0x0801a9bc   0x0801a9bc   0x00000048   Code   RO        13886    i.prvCheckTasksWaitingTermination  tasks.o
    0x0801aa04   0x0801aa04   0x00000012   Code   RO        13887    i.prvDeleteTCB      tasks.o
    0x0801aa16   0x0801aa16   0x00000002   PAD
    0x0801aa18   0x0801aa18   0x0000007c   Code   RO        14574    i.prvHeapInit       heap_4.o
    0x0801aa94   0x0801aa94   0x00000028   Code   RO        13888    i.prvIdleTask       tasks.o
    0x0801aabc   0x0801aabc   0x000000b4   Code   RO        13889    i.prvInitialiseNewTask  tasks.o
    0x0801ab70   0x0801ab70   0x00000068   Code   RO        13890    i.prvInitialiseTaskLists  tasks.o
    0x0801abd8   0x0801abd8   0x00000068   Code   RO        14575    i.prvInsertBlockIntoFreeList  heap_4.o
    0x0801ac40   0x0801ac40   0x00000034   Code   RO        13891    i.prvResetNextTaskUnblockTime  tasks.o
    0x0801ac74   0x0801ac74   0x00000040   Code   RO        14643    i.prvTaskExitError  port.o
    0x0801acb4   0x0801acb4   0x0000014c   Code   RO        14576    i.pvPortMalloc      heap_4.o
    0x0801ae00   0x0801ae00   0x0000002c   Code   RO        14644    i.pxPortInitialiseStack  port.o
    0x0801ae2c   0x0801ae2c   0x0000000c   Code   RO         3877    i.read_u16_le       uproto.o
    0x0801ae38   0x0801ae38   0x000001cc   Code   RO         1681    i.sbus_to_rc        remote_control.o
    0x0801b004   0x0801b004   0x000001c8   Code   RO         1682    i.sbus_to_rc_uper   remote_control.o
    0x0801b1cc   0x0801b1cc   0x00000130   Code   RO         1875    i.send_data_to_chassis  message_task.o
    0x0801b2fc   0x0801b2fc   0x00000020   Code   RO         3301    i.set_cali_gimbal_hook  double_yaw_pitch.o
    0x0801b31c   0x0801b31c   0x000000e8   Code   RO         4031    i.setup_channels    comm_app.o
    0x0801b404   0x0801b404   0x000000bc   Code   RO         3481    i.shoot_bullet_control  shoot_3508.o
    0x0801b4c0   0x0801b4c0   0x00000218   Code   RO         1442    i.shoot_control_loop  shoot.o
    0x0801b6d8   0x0801b6d8   0x00000310   Code   RO         3482    i.shoot_feedback_update  shoot_3508.o
    0x0801b9e8   0x0801b9e8   0x000000e8   Code   RO         3483    i.shoot_init        shoot_3508.o
    0x0801bad0   0x0801bad0   0x00000118   Code   RO         3484    i.shoot_set_mode    shoot_3508.o
    0x0801bbe8   0x0801bbe8   0x00000130   Code   RO         3180    i.smooth_control    steering_chassis.o
    0x0801bd18   0x0801bd18   0x0000003e   Code   RO        15855    i.sqrtf             m_wv.l(sqrtf.o)
    0x0801bd56   0x0801bd56   0x00000002   PAD
    0x0801bd58   0x0801bd58   0x00000030   Code   RO         4032    i.stream_on_rx      comm_app.o
    0x0801bd88   0x0801bd88   0x00000010   Code   RO         4033    i.sync_now_us       comm_app.o
    0x0801bd98   0x0801bd98   0x0000001c   Code   RO         5372    i.tfmini_checksum8  bsp_tfmini.o
    0x0801bdb4   0x0801bdb4   0x00000008   Code   RO         5373    i.tfmini_now_us     bsp_tfmini.o
    0x0801bdbc   0x0801bdbc   0x0000008c   Code   RO         5374    i.tfmini_parse_byte  bsp_tfmini.o
    0x0801be48   0x0801be48   0x00000068   Code   RO         5376    i.tfmini_read       bsp_tfmini.o
    0x0801beb0   0x0801beb0   0x000000a8   Code   RO         4034    i.tfmini_tick       comm_app.o
    0x0801bf58   0x0801bf58   0x0000002c   Code   RO         5378    i.tfmini_uart_error_callback  bsp_tfmini.o
    0x0801bf84   0x0801bf84   0x00000030   Code   RO         5379    i.tfmini_uart_init  bsp_tfmini.o
    0x0801bfb4   0x0801bfb4   0x0000002c   Code   RO         5380    i.tfmini_uart_rx_cplt_callback  bsp_tfmini.o
    0x0801bfe0   0x0801bfe0   0x0000007c   Code   RO         5382    i.tfmini_update_measurement  bsp_tfmini.o
    0x0801c05c   0x0801c05c   0x00000028   Code   RO         4675    i.tim24_timebase_init  bsp_tim24.o
    0x0801c084   0x0801c084   0x00000050   Code   RO         4676    i.tim24_timebase_now_us  bsp_tim24.o
    0x0801c0d4   0x0801c0d4   0x00000010   Code   RO         4677    i.tim24_timebase_on_overflow  bsp_tim24.o
    0x0801c0e4   0x0801c0e4   0x000000b0   Code   RO         4510    i.time_sync_channel_init  time_sync_channel.o
    0x0801c194   0x0801c194   0x00000040   Code   RO         4511    i.time_sync_channel_init_ex  time_sync_channel.o
    0x0801c1d4   0x0801c1d4   0x00000034   Code   RO         4512    i.time_sync_channel_now_us  time_sync_channel.o
    0x0801c208   0x0801c208   0x0000000a   Code   RO         4513    i.time_sync_channel_set_max_rtt_us  time_sync_channel.o
    0x0801c212   0x0801c212   0x00000002   PAD
    0x0801c214   0x0801c214   0x00000018   Code   RO         2652    i.toe_is_error      detect_task.o
    0x0801c22c   0x0801c22c   0x00000098   Code   RO         3485    i.trigger_motor_turn_back  shoot_3508.o
    0x0801c2c4   0x0801c2c4   0x00000034   Code   RO         4750    i.uint_to_float     can_bsp.o
    0x0801c2f8   0x0801c2f8   0x00000028   Code   RO         3878    i.uproto_alloc_transaction  uproto.o
    0x0801c320   0x0801c320   0x00000026   Code   RO         3879    i.uproto_complete_transaction  uproto.o
    0x0801c346   0x0801c346   0x000000e2   Code   RO         3880    i.uproto_decode_frame  uproto.o
    0x0801c428   0x0801c428   0x000000ae   Code   RO         3881    i.uproto_encode_frame  uproto.o
    0x0801c4d6   0x0801c4d6   0x0000003a   Code   RO         3882    i.uproto_find_transaction  uproto.o
    0x0801c510   0x0801c510   0x00000016   Code   RO         3883    i.uproto_fire_event  uproto.o
    0x0801c526   0x0801c526   0x00000002   PAD
    0x0801c528   0x0801c528   0x000001cc   Code   RO         3885    i.uproto_handle_frame  uproto.o
    0x0801c6f4   0x0801c6f4   0x00000062   Code   RO         3886    i.uproto_init       uproto.o
    0x0801c756   0x0801c756   0x00000014   Code   RO         3888    i.uproto_now        uproto.o
    0x0801c76a   0x0801c76a   0x0000003e   Code   RO         3889    i.uproto_on_rx_bytes  uproto.o
    0x0801c7a8   0x0801c7a8   0x00000120   Code   RO         3890    i.uproto_process_rx_buffer  uproto.o
    0x0801c8c8   0x0801c8c8   0x00000052   Code   RO         3891    i.uproto_register_handler  uproto.o
    0x0801c91a   0x0801c91a   0x00000070   Code   RO         3892    i.uproto_send_frame  uproto.o
    0x0801c98a   0x0801c98a   0x0000002a   Code   RO         3893    i.uproto_send_notify  uproto.o
    0x0801c9b4   0x0801c9b4   0x000000c8   Code   RO         3894    i.uproto_send_request  uproto.o
    0x0801ca7c   0x0801ca7c   0x00000114   Code   RO         3897    i.uproto_tick       uproto.o
    0x0801cb90   0x0801cb90   0x0000000c   Code   RO         4235    i.usb_cdc_port_bind_uproto  usb_cdc_port.o
    0x0801cb9c   0x0801cb9c   0x00000002   Code   RO         4236    i.usb_cdc_port_flush  usb_cdc_port.o
    0x0801cb9e   0x0801cb9e   0x00000008   Code   RO         4237    i.usb_cdc_port_get_mtu  usb_cdc_port.o
    0x0801cba6   0x0801cba6   0x00000002   PAD
    0x0801cba8   0x0801cba8   0x00000024   Code   RO         4238    i.usb_cdc_port_get_ops  usb_cdc_port.o
    0x0801cbcc   0x0801cbcc   0x0000004c   Code   RO         4241    i.usb_cdc_port_write  usb_cdc_port.o
    0x0801cc18   0x0801cc18   0x00000028   Code   RO        13543    i.uxListRemove      list.o
    0x0801cc40   0x0801cc40   0x0000001a   Code   RO        13544    i.vListInitialise   list.o
    0x0801cc5a   0x0801cc5a   0x00000006   Code   RO        13545    i.vListInitialiseItem  list.o
    0x0801cc60   0x0801cc60   0x00000034   Code   RO        13546    i.vListInsert       list.o
    0x0801cc94   0x0801cc94   0x00000018   Code   RO        13547    i.vListInsertEnd    list.o
    0x0801ccac   0x0801ccac   0x00000054   Code   RO        14646    i.vPortEnterCritical  port.o
    0x0801cd00   0x0801cd00   0x0000003c   Code   RO        14647    i.vPortExitCritical  port.o
    0x0801cd3c   0x0801cd3c   0x000000a4   Code   RO        14577    i.vPortFree         heap_4.o
    0x0801cde0   0x0801cde0   0x00000028   Code   RO        14648    i.vPortSetupTimerInterrupt  port.o
    0x0801ce08   0x0801ce08   0x0000005c   Code   RO        13900    i.vTaskDelay        tasks.o
    0x0801ce64   0x0801ce64   0x00000088   Code   RO        13913    i.vTaskStartScheduler  tasks.o
    0x0801ceec   0x0801ceec   0x00000010   Code   RO        13915    i.vTaskSuspendAll   tasks.o
    0x0801cefc   0x0801cefc   0x0000008c   Code   RO        13916    i.vTaskSwitchContext  tasks.o
    0x0801cf88   0x0801cf88   0x00000070   Code   RO         3181    i.vector_rotate     steering_chassis.o
    0x0801cff8   0x0801cff8   0x00000008   Code   RO         3898    i.write_u16_le      uproto.o
    0x0801d000   0x0801d000   0x00000168   Code   RO        14650    i.xPortStartScheduler  port.o
    0x0801d168   0x0801d168   0x00000060   Code   RO        13919    i.xTaskCreate       tasks.o
    0x0801d1c8   0x0801d1c8   0x0000000c   Code   RO        13924    i.xTaskGetTickCount  tasks.o
    0x0801d1d4   0x0801d1d4   0x00000148   Code   RO        13926    i.xTaskIncrementTick  tasks.o
    0x0801d31c   0x0801d31c   0x00000104   Code   RO        13932    i.xTaskResumeAll    tasks.o
    0x0801d420   0x0801d420   0x00000008   Data   RO           16    .constdata          main.o
    0x0801d428   0x0801d428   0x0000008c   Data   RO          482    .constdata          freertos.o
    0x0801d4b4   0x0801d4b4   0x00000006   Data   RO         2546    .constdata          calibrate_task.o
    0x0801d4ba   0x0801d4ba   0x00000002   PAD
    0x0801d4bc   0x0801d4bc   0x00000044   Data   RO         3182    .constdata          steering_chassis.o
    0x0801d500   0x0801d500   0x00000018   Data   RO         3302    .constdata          double_yaw_pitch.o
    0x0801d518   0x0801d518   0x00000024   Data   RO         3486    .constdata          shoot_3508.o
    0x0801d53c   0x0801d53c   0x00000060   Data   RO         4036    .constdata          comm_app.o
    0x0801d59c   0x0801d59c   0x00000016   Data   RO         4310    .constdata          camera_channel.o
    0x0801d5b2   0x0801d5b2   0x00000002   PAD
    0x0801d5b4   0x0801d5b4   0x00000020   Data   RO         4399    .constdata          gimbal_channel.o
    0x0801d5d4   0x0801d5d4   0x0000000c   Data   RO         4515    .constdata          time_sync_channel.o
    0x0801d5e0   0x0801d5e0   0x00000004   Data   RO         5457    .constdata          bsp_vofa+.o
    0x0801d5e4   0x0801d5e4   0x00000302   Data   RO         5854    .constdata          crc8_crc16.o
    0x0801d8e6   0x0801d8e6   0x00000008   Data   RO         7807    .constdata          stm32h7xx_hal_dma.o
    0x0801d8ee   0x0801d8ee   0x00000002   PAD
    0x0801d8f0   0x0801d8f0   0x0000005c   Data   RO        10329    .constdata          stm32h7xx_hal_fdcan.o
    0x0801d94c   0x0801d94c   0x00000018   Data   RO        12683    .constdata          stm32h7xx_hal_uart.o
    0x0801d964   0x0801d964   0x00000010   Data   RO        13054    .constdata          stm32h7xx_hal_uart_ex.o
    0x0801d974   0x0801d974   0x00000010   Data   RO        13422    .constdata          system_stm32h7xx.o
    0x0801d984   0x0801d984   0x00000004   PAD
    0x0801d988   0x0801d988   0x00000098   Data   RO        16178    .constdata          m_wv.l(atan.o)
    0x0801da20   0x0801da20   0x00000008   Data   RO        16228    .constdata          m_wv.l(qnan.o)
    0x0801da28   0x0801da28   0x00000045   Data   RO          483    .conststring        freertos.o
    0x0801da6d   0x0801da6d   0x00000003   PAD
    0x0801da70   0x0801da70   0x00000804   Data   RO        15749    .rodata.sinTable_f32  arm_cortexM7lfdp_math.lib(arm_common_tables.o)
    0x0801e274   0x0801e274   0x00000020   Data   RO        16294    Region$$Table       anon$$obj.o


    Execution Region RW_IRAM1 (Exec base: 0x20000000, Load base: 0x0801e294, Size: 0x00000000, Max: 0x00020000, ABSOLUTE)

    **** No section assigned to this execution region ****


    Execution Region RW_IRAM2 (Exec base: 0x24000000, Load base: 0x0801e294, Size: 0x0000fba8, Max: 0x00050000, ABSOLUTE, COMPRESSED[0x0000016c])

    Exec Addr    Load Addr    Size         Type   Attr      Idx    E Section Name        Object

    0x24000000   COMPRESSED   0x00000008   Data   RW           17    .data               main.o
    0x24000008   COMPRESSED   0x0000004c   Data   RW          484    .data               freertos.o
    0x24000054   COMPRESSED   0x00000004   Data   RW          749    .data               fdcan.o
    0x24000058   COMPRESSED   0x00000038   Data   RW         1325    .data               ins_task.o
    0x24000090   COMPRESSED   0x00000014   Data   RW         1877    .data               message_task.o
    0x240000a4   COMPRESSED   0x0000008c   Data   RW         1990    .data               chassis_power_control.o
    0x24000130   COMPRESSED   0x00000011   Data   RW         2111    .data               chassis_behaviour.o
    0x24000141   COMPRESSED   0x00000003   PAD
    0x24000144   COMPRESSED   0x00000020   Data   RW         2194    .data               gimbal_behaviour.o
    0x24000164   COMPRESSED   0x00000024   Data   RW         2302    .data               gimbal_task.o
    0x24000188   COMPRESSED   0x0000002c   Data   RW         2417    .data               auto_aim.o
    0x240001b4   COMPRESSED   0x00000034   Data   RW         2547    .data               calibrate_task.o
    0x240001e8   COMPRESSED   0x0000001c   Data   RW         3303    .data               double_yaw_pitch.o
    0x24000204   COMPRESSED   0x00000014   Data   RW         3487    .data               shoot_3508.o
    0x24000218   COMPRESSED   0x00000010   Data   RW         4038    .data               comm_app.o
    0x24000228   COMPRESSED   0x00000004   Data   RW         4242    .data               usb_cdc_port.o
    0x2400022c   COMPRESSED   0x00000004   PAD
    0x24000230   COMPRESSED   0x00000040   Data   RW         4607    .data               bsp_dwt.o
    0x24000270   COMPRESSED   0x00000004   Data   RW         4678    .data               bsp_tim24.o
    0x24000274   COMPRESSED   0x00000070   Data   RW         4752    .data               can_bsp.o
    0x240002e4   COMPRESSED   0x00000032   Data   RW         4988    .data               bsp_usart.o
    0x24000316   COMPRESSED   0x00000002   PAD
    0x24000318   COMPRESSED   0x00000004   Data   RW         5969    .data               mahony_filter.o
    0x2400031c   COMPRESSED   0x00000009   Data   RW         8685    .data               stm32h7xx_hal.o
    0x24000325   COMPRESSED   0x00000003   PAD
    0x24000328   COMPRESSED   0x0000004a   Data   RW        13172    .data               bmi088driver.o
    0x24000372   COMPRESSED   0x00000002   PAD
    0x24000374   COMPRESSED   0x00000004   Data   RW        13254    .data               bmi088middleware.o
    0x24000378   COMPRESSED   0x00000008   Data   RW        13423    .data               system_stm32h7xx.o
    0x24000380   COMPRESSED   0x0000003c   Data   RW        13935    .data               tasks.o
    0x240003bc   COMPRESSED   0x00000020   Data   RW        14583    .data               heap_4.o
    0x240003dc   COMPRESSED   0x0000000c   Data   RW        14651    .data               port.o
    0x240003e8   COMPRESSED   0x0000005e   Data   RW        14770    .data               usbd_desc.o
    0x24000446   COMPRESSED   0x00000002   PAD
    0x24000448   COMPRESSED   0x00000020   Data   RW        14856    .data               usbd_cdc_if.o
    0x24000468   COMPRESSED   0x00000001   Data   RW        15321    .data               usbd_ctlreq.o
    0x24000469   COMPRESSED   0x00000003   PAD
    0x2400046c   COMPRESSED   0x0000008a   Data   RW        15492    .data               usbd_cdc.o
    0x240004f6   COMPRESSED   0x00000002   PAD
    0x240004f8   COMPRESSED   0x00000004   Data   RW        16269    .data               mc_w.l(errno.o)
    0x240004fc        -       0x00000cc4   Zero   RW           15    .bss                main.o
    0x240011c0        -       0x00000158   Zero   RW          628    .bss                adc.o
    0x24001318        -       0x00000024   Zero   RW          680    .bss                crc.o
    0x2400133c        -       0x000001e0   Zero   RW          748    .bss                fdcan.o
    0x2400151c        -       0x0000005c   Zero   RW          801    .bss                octospi.o
    0x24001578        -       0x00000014   Zero   RW          843    .bss                rng.o
    0x2400158c        -       0x00000178   Zero   RW          885    .bss                spi.o
    0x24001704        -       0x0000017c   Zero   RW          934    .bss                tim.o
    0x24001880        -       0x000003b8   Zero   RW         1014    .bss                usart.o
    0x24001c38        -       0x0000004c   Zero   RW         1273    .bss                stm32h7xx_hal_timebase_tim.o
    0x24001c84        -       0x0000014c   Zero   RW         1324    .bss                ins_task.o
    0x24001dd0        -       0x00000160   Zero   RW         1444    .bss                shoot.o
    0x24001f30        -       0x0000002e   Zero   RW         1684    .bss                remote_control.o
    0x24001f5e        -       0x000001e9   Zero   RW         1755    .bss                referee.o
    0x24002147        -       0x0000001e   Zero   RW         1876    .bss                message_task.o
    0x24002165   COMPRESSED   0x00000003   PAD
    0x24002168        -       0x00000580   Zero   RW         1946    .bss                chassis_task.o
    0x240026e8        -       0x000002a0   Zero   RW         2301    .bss                gimbal_task.o
    0x24002988        -       0x0000006c   Zero   RW         2416    .bss                auto_aim.o
    0x240029f4        -       0x0000009a   Zero   RW         2545    .bss                calibrate_task.o
    0x24002a8e        -       0x0000021c   Zero   RW         2653    .bss                detect_task.o
    0x24002caa   COMPRESSED   0x00000006   PAD
    0x24002cb0        -       0x000008b4   Zero   RW         4035    .bss                comm_app.o
    0x24003564   COMPRESSED   0x00000004   PAD
    0x24003568        -       0x00000020   Zero   RW         4398    .bss                gimbal_channel.o
    0x24003588        -       0x00000530   Zero   RW         4751    .bss                can_bsp.o
    0x24003ab8        -       0x00001180   Zero   RW         4987    .bss                bsp_usart.o
    0x24004c38        -       0x00000100   Zero   RW         5096    .bss                bsp_flash.o
    0x24004d38        -       0x00000028   Zero   RW         5383    .bss                bsp_tfmini.o
    0x24004d60        -       0x00000100   Zero   RW         5456    .bss                bsp_vofa+.o
    0x24004e60        -       0x0000004c   Zero   RW        13171    .bss                bmi088driver.o
    0x24004eac        -       0x000000f0   Zero   RW        13934    .bss                tasks.o
    0x24004f9c        -       0x00007800   Zero   RW        14582    .bss                heap_4.o
    0x2400c79c        -       0x000002dc   Zero   RW        14722    .bss                usb_device.o
    0x2400ca78        -       0x00000200   Zero   RW        14769    .bss                usbd_desc.o
    0x2400cc78        -       0x00002000   Zero   RW        14855    .bss                usbd_cdc_if.o
    0x2400ec78        -       0x0000072c   Zero   RW        14960    .bss                usbd_conf.o
    0x2400f3a4   COMPRESSED   0x00000004   PAD
    0x2400f3a8        -       0x00000800   Zero   RW         6440    STACK               startup_stm32h723xx.o


==============================================================================

Image component sizes


      Code (inc. data)   RO Data    RW Data    ZI Data      Debug   Object Name

       708         74          0          0        344       3415   adc.o
      1998        172          0         44        108      13019   auto_aim.o
         0          0          0          0          0     930493   balance_chassis.o
      3420        210          0         74         76      11256   bmi088driver.o
       116         30          0          4          0       3452   bmi088middleware.o
        36         12          0          0          0        989   bsp_buzzer.o
       580        112          0         64          0       4638   bsp_dwt.o
       208          6          0          0        256       3110   bsp_flash.o
        32          8          0          0          0        907   bsp_pwm.o
       540         30          0          0         40       5805   bsp_tfmini.o
       136         24          0          4          0       7715   bsp_tim24.o
       606        126          0         50       4480       8307   bsp_usart.o
        56         12          4          0        256       1069   bsp_vofa+.o
      1594         84          6         52        154       9011   calibrate_task.o
       612          6         22          0          0      10620   camera_channel.o
      1888        188          0        112       1328      18294   can_bsp.o
      1518        110          0         17          0       9261   chassis_behaviour.o
       820         36          0        140          0      14960   chassis_power_control.o
         0          0          0          0       1408       2337   chassis_task.o
        96          0          0          0          0      12839   cmsis_os.o
      1990         10          0          0          0      19121   comm.o
       902         94         96         16       2228      20636   comm_app.o
       100         18          0          0         36       1647   crc.o
        52          6        770          0          0       1599   crc8_crc16.o
        24          4          0          0        540       1268   detect_task.o
       132          4          0          0          0        930   dma.o
      3240        232         24         28          0      11410   double_yaw_pitch.o
         0          0          0          0          0       5196   event_groups.o
       828         54          0          4        480       3441   fdcan.o
        22          0          0          0          0       2038   fifo.o
       218         34        209         76          0       9508   freertos.o
      2368        204          0         32          0       9461   gimbal_behaviour.o
      1034         16         32          0         32      16157   gimbal_channel.o
      1394        146          0         36        672      10752   gimbal_task.o
       424         18          0          0          0       2273   gpio.o
       724         74          0         32      30720       7563   heap_4.o
      1972        156          0         56        332      11672   ins_task.o
       148          0          0          0          0       3710   list.o
      1180         26          0          4          0       6754   mahony_filter.o
       696         80          8          8       3268    1361104   main.o
       326         40          0         20         30       4680   message_task.o
       548         32          0          0         92       2283   octospi.o
       716         20          0          0          0       3230   pid.o
       110          0          0          0          0       3087   platform_stm32.o
       894         78          0         12          0      11296   port.o
        36         16          0          0        489       8362   referee.o
       924          4          0          0         46       5504   remote_control.o
       124         20          0          0         20       1735   rng.o
       536         26          0          0        352     941307   shoot.o
      1964        142         36         20          0       7796   shoot_3508.o
       476         38          0          0        376       2139   spi.o
        36          8        716          0       2048        808   startup_stm32h723xx.o
      3988        206         68          0          0      27788   steering_chassis.o
       172         34          0          9          0      23018   stm32h7xx_hal.o
      4524        250          0          0          0      87227   stm32h7xx_hal_adc.o
       560         30          0          0          0      68637   stm32h7xx_hal_adc_ex.o
       326         30          0          0          0      39945   stm32h7xx_hal_cortex.o
       132          4          0          0          0       1255   stm32h7xx_hal_crc.o
       112          0          0          0          0       1355   stm32h7xx_hal_crc_ex.o
      8656        164          8          0          0      14085   stm32h7xx_hal_dma.o
      3586         52         92          0          0      22788   stm32h7xx_hal_fdcan.o
       536         54          0          0          0       2879   stm32h7xx_hal_gpio.o
        48          6          0          0          0        950   stm32h7xx_hal_msp.o
      3842         48          0          0          0      10758   stm32h7xx_hal_ospi.o
      3650         16          0          0          0      14048   stm32h7xx_hal_pcd.o
       130          4          0          0          0       3233   stm32h7xx_hal_pcd_ex.o
       116         12          0          0          0       1350   stm32h7xx_hal_pwr_ex.o
      3496        120          0          0          0       7637   stm32h7xx_hal_rcc.o
      7664        184          0          0          0      10719   stm32h7xx_hal_rcc_ex.o
       248         10          0          0          0       1423   stm32h7xx_hal_rng.o
      2206         18          0          0          0      10229   stm32h7xx_hal_spi.o
      3182        302          0          0          0      17770   stm32h7xx_hal_tim.o
       466         46          0          0          0       4228   stm32h7xx_hal_tim_ex.o
       160         20          0          0         76       1667   stm32h7xx_hal_timebase_tim.o
      7338        256         24          0          0      47826   stm32h7xx_hal_uart.o
       458         10         16          0          0       6509   stm32h7xx_hal_uart_ex.o
       332        102          0          0          0      13022   stm32h7xx_it.o
      3890        100          0          0          0      23056   stm32h7xx_ll_usb.o
       224         32         16          8          0       1410   system_stm32h7xx.o
      1878        274          0         60        240      19425   tasks.o
      1304         92          0          0        380       6278   tim.o
      1210          6         12          0          0      14667   time_sync_channel.o
      2238         70          0          0          0      18762   uproto.o
      1344         98          0          0        952       4459   usart.o
       134         24          0          4          0       4062   usb_cdc_port.o
        80         16          0          0        732        792   usb_device.o
      1782         54          0        138          0      14461   usbd_cdc.o
       268         36          0         32       8192       8190   usbd_cdc_if.o
       956         30          0          0       1836      17820   usbd_conf.o
      1354          0          0          0          0      16765   usbd_core.o
      2396         22          0          1          0      18176   usbd_ctlreq.o
       386        122          0         94        512       7125   usbd_desc.o
       174          0          0          0          0       4872   usbd_ioreq.o
       258          4          0          0          0       5704   user_lib.o
       786         26          0          0          0       5350   w25q64.o

    ----------------------------------------------------------------------
    115798       5824       2204       1272      63148    4201684   Object Totals
         0          0         32          0          0          0   (incl. Generated)
       106          0         13         21         17          0   (incl. Padding)

    ----------------------------------------------------------------------

      Code (inc. data)   RO Data    RW Data    ZI Data      Debug   Library Member Name

         0          0       2052          0          0       4961   arm_common_tables.o
       144         12          0          0          0       1111   arm_cos_f32.o
       140         12          0          0          0       1098   arm_sin_f32.o
       312         54          0          0          0        176   asinf.o
       528        110        152          0          0        348   atan.o
       456         64          0          0          0        188   atan2.o
       692         98          0          0          0        208   atan2f.o
        36         14          0          0          0        348   dunder.o
        24          0          0          0          0        124   fabs.o
        48          0          0          0          0        124   fpclassify.o
        38          0          0          0          0        116   fpclassifyf.o
        44         12          0          0          0        464   funder.o
       112          0          0          0          0        116   poly.o
         0          0          8          0          0          0   qnan.o
       102          0          0          0          0        140   sqrt.o
       120          0          0          0          0        272   sqrtf.o
        86          0          0          0          0          0   __dczerorl2.o
         0          0          0          0          0          0   entry.o
         0          0          0          0          0          0   entry10a.o
         0          0          0          0          0          0   entry11a.o
         4          0          0          0          0          0   entry12b.o
         8          4          0          0          0          0   entry2.o
         4          0          0          0          0          0   entry5.o
         0          0          0          0          0          0   entry7b.o
         0          0          0          0          0          0   entry8b.o
         8          4          0          0          0          0   entry9a.o
        12          6          0          4          0         68   errno.o
        30          0          0          0          0          0   handlers.o
        36          8          0          0          0         68   init.o
         0          0          0          0          0          0   iusefp.o
        98          0          0          0          0         84   ldiv.o
        30          0          0          0          0         68   llshl.o
        32          0          0          0          0         68   llushr.o
        36          0          0          0          0         68   memcpya.o
        36          0          0          0          0        108   memseta.o
        98          0          0          0          0         92   uldiv.o

    ----------------------------------------------------------------------
      3326        398       2212          4          0      10418   Library Totals
        12          0          0          0          0          0   (incl. Padding)

    ----------------------------------------------------------------------

      Code (inc. data)   RO Data    RW Data    ZI Data      Debug   Library Name

       284         24       2052          0          0       7170   arm_cortexM7lfdp_math.lib
      2512        352        160          0          0       2624   m_wv.l
       518         22          0          4          0        624   mc_w.l

    ----------------------------------------------------------------------
      3326        398       2212          4          0      10418   Library Totals

    ----------------------------------------------------------------------

==============================================================================


      Code (inc. data)   RO Data    RW Data    ZI Data      Debug   

    119124       6222       4416       1276      63148    4140562   Grand Totals
    119124       6222       4416        364      63148    4140562   ELF Image Totals (compressed)
    119124       6222       4416        364          0          0   ROM Totals

==============================================================================

    Total RO  Size (Code + RO Data)               123540 ( 120.64kB)
    Total RW  Size (RW Data + ZI Data)             64424 (  62.91kB)
    Total ROM Size (Code + RO Data + RW Data)     123904 ( 121.00kB)

==============================================================================

